
clang/prom.clang.elf:	file format elf32-z80

Disassembly of section .boot:

00000000 <_start>:
;     __asm__ volatile("di");
       0: f3           	di
;     SET_SP(ROM_STACK);
       1: 31 ff bf     	ld	sp,$bfff
;     reloc_zx0();
       4: cd 21 00     	call	$21
;         memset(BSS_DST, 0, BSS_SIZE);
       7: 21 41 6d     	ld	hl,$6d41
       a: 1e 00        	ld	e,$0
       c: 01 31 00     	ld	bc,$31
       f: 78           	ld	a,b
      10: b1           	or	c
      11: 28 0b        	jr	z,$1e
      13: 73           	ld	(hl),e
      14: 0b           	dec	bc
      15: 78           	ld	a,b
      16: b1           	or	c
      17: 28 05        	jr	z,$1e
      19: 54           	ld	d,h
      1a: 5d           	ld	e,l
      1b: 13           	inc	de
      1c: ed b0        	ldir
;     main_relocated();
      1e: c3 18 64     	jp	$6418

Disassembly of section .zx0_decoder:

00000021 <_reloc_zx0>:
;     if (fdc_cmd.cylinder == 0) {
      21: 21 77 00     	ld	hl,$77
      24: 11 00 60     	ld	de,$6000

00000027 <dzx0_standard>:
      27: 01 ff ff     	ld	bc,$ffff
      2a: c5           	push	bc
      2b: 03           	inc	bc
      2c: 3e 80        	ld	a,$80

0000002e <dzx0s_literals>:
      2e: cd 68 00     	call	$68
;     fdc_cmd.head = (d & 0b10000000) ? 1 : 0;
      31: ed b0        	ldir
;     fdc_read_data_from_current_location(0);
      33: 87           	add	a,a
      34: 38 0d        	jr	c,$43
      36: cd 68 00     	call	$68

00000039 <dzx0s_copy>:
      39: e3           	ex	(sp),hl
;         fdc_detect_sector_size_and_density();
      3a: e5           	push	hl
      3b: 19           	add	hl,de
      3c: ed b0        	ldir
;     fdc_cmd.head = (d & 0b10000000) ? 1 : 0;
      3e: e1           	pop	hl
      3f: e3           	ex	(sp),hl
      40: 87           	add	a,a
      41: 30 eb        	jr	nc,$2e

00000043 <dzx0s_new_offset>:
;     fdc_read_data_from_current_location(0);
      43: cd 68 00     	call	$68
      46: 08           	ex	af,af'
      47: f1           	pop	af
;         fdc_cmd.cylinder = 1;
      48: af           	xor	a
      49: 91           	sub	c
      4a: c8           	ret	z
      4b: 47           	ld	b,a
      4c: 08           	ex	af,af'
;         fdc_detect_sector_size_and_density();
      4d: 4e           	ld	c,(hl)
      4e: 23           	inc	hl
      4f: cb 18        	rr	b
      51: cb 19        	rr	c
      53: c5           	push	bc
      54: 01 01 00     	ld	bc,$1
      57: d4 70 00     	call	nc,$70
      5a: 03           	inc	bc
      5b: 18 dc        	jr	$39

Disassembly of section .nmi:

00000066 <_nmi_handler>:
      66: ed 45        	retn

Disassembly of section .zx0_decoder_hi:

00000068 <dzx0s_elias>:
      68: 0c           	inc	c

00000069 <dzx0s_elias_loop>:
      69: 87           	add	a,a
      6a: 20 03        	jr	nz,$6f
      6c: 7e           	ld	a,(hl)
      6d: 23           	inc	hl
      6e: 17           	rla

0000006f <dzx0s_elias_skip>:
      6f: d8           	ret	c

00000070 <dzx0s_elias_backtrack>:
      70: 87           	add	a,a
      71: cb 11        	rl	c
      73: cb 10        	rl	b
      75: 18 f2        	jr	$69

Disassembly of section .text:

00006000 <__code_start>:
    6000: cb 63        	bit	4,e
    6002: cb 63        	bit	4,e
    6004: cb 63        	bit	4,e
    6006: cb 63        	bit	4,e
    6008: cb 63        	bit	4,e
    600a: cb 63        	bit	4,e
    600c: ce 63        	adc	a,$63
    600e: fa 63 cb     	jp	m,$cb63
    6011: 63           	ld	h,e
    6012: cb 63        	bit	4,e
    6014: cb 63        	bit	4,e
    6016: cb 63        	bit	4,e
    6018: cb 63        	bit	4,e
    601a: cb 63        	bit	4,e
    601c: cb 63        	bit	4,e
    601e: cb 63        	bit	4,e

00006020 <_fdc_write_when_ready>:
; void fdc_write_when_ready(byte val) {
    6020: 57           	ld	d,a
    6021: 01 00 00     	ld	bc,$0
; DEFPORT(fdc_status,   0x04)
    6024: db 04        	in	a,($4)
;         if ((fdc_status() & 0b11000000) == 0b10000000) {
    6026: ee 80        	xor	$80
    6028: fe 40        	cp	$40
    602a: 38 0f        	jr	c,$603b
;     } while (++t);
    602c: 21 01 00     	ld	hl,$1
    602f: 09           	add	hl,bc
    6030: 9f           	sbc	a,a
    6031: e6 01        	and	$1
    6033: 4d           	ld	c,l
    6034: 44           	ld	b,h
    6035: ee 01        	xor	$1
    6037: 0f           	rrca
    6038: 38 ea        	jr	c,$6024
; }
    603a: c9           	ret
; DEFPORT(fdc_data,     0x05)
    603b: 7a           	ld	a,d
    603c: d3 05        	out	($5),a
; }
    603e: c9           	ret

0000603f <_fdc_read_when_ready>:
; byte fdc_read_when_ready(void) {
    603f: 01 00 00     	ld	bc,$0
; DEFPORT(fdc_status,   0x04)
    6042: db 04        	in	a,($4)
    6044: fe c0        	cp	$c0
    6046: 30 11        	jr	nc,$6059
;     } while (++t);
    6048: 21 01 00     	ld	hl,$1
    604b: 09           	add	hl,bc
    604c: 9f           	sbc	a,a
    604d: e6 01        	and	$1
    604f: 4d           	ld	c,l
    6050: 44           	ld	b,h
    6051: ee 01        	xor	$1
    6053: 0f           	rrca
    6054: 38 ec        	jr	c,$6042
    6056: 3e ff        	ld	a,$ff
; }
    6058: c9           	ret
; DEFPORT(fdc_data,     0x05)
    6059: db 05        	in	a,($5)
; }
    605b: c9           	ret

0000605c <_delay>:
; void delay(byte outer, byte inner) {
    605c: 4f           	ld	c,a
    605d: b7           	or	a
    605e: c8           	ret	z
    605f: 65           	ld	h,l
    6060: 06 00        	ld	b,$0
;             } while (--k);
    6062: 10 fe        	djnz	$6062
;         } while (--mid);
    6064: 25           	dec	h
    6065: 20 f9        	jr	nz,$6060
;     } while (--outer);
    6067: 3d           	dec	a
    6068: 18 f2        	jr	$605c

0000606a <_lookup_sectors_and_gap3_for_current_track>:
;     const format_entry *fmt = &eot_gap3_table[is_mini][fdc_cmd.size_shift][is_mfm];
    606a: 3a 41 6d     	ld	a,($6d41)               ; 0x6d41 <_is_mini>
    606d: 6f           	ld	l,a
    606e: 26 00        	ld	h,$0
    6070: 29           	add	hl,hl
    6071: 29           	add	hl,hl
    6072: 29           	add	hl,hl
    6073: 29           	add	hl,hl
    6074: eb           	ex	de,hl
    6075: 21 7a 66     	ld	hl,$667a
    6078: 19           	add	hl,de
    6079: eb           	ex	de,hl
    607a: 3a 45 6d     	ld	a,($6d45)               ; 0x6d45 <_fdc_cmd+0x3>
    607d: 6f           	ld	l,a
    607e: 26 00        	ld	h,$0
    6080: 29           	add	hl,hl
    6081: 29           	add	hl,hl
    6082: 19           	add	hl,de
    6083: eb           	ex	de,hl
    6084: 3a 49 6d     	ld	a,($6d49)               ; 0x6d49 <_is_mfm>
    6087: 6f           	ld	l,a
    6088: 26 00        	ld	h,$0
    608a: 29           	add	hl,hl
    608b: 19           	add	hl,de
;     fdc_cmd.eot = fmt->eot;
    608c: 7e           	ld	a,(hl)
    608d: 32 46 6d     	ld	($6d46),a               ; 0x6d46 <_fdc_cmd+0x4>
;     fdc_cmd.gap3 = fmt->gap3;
    6090: 23           	inc	hl
    6091: 7e           	ld	a,(hl)
    6092: 32 47 6d     	ld	($6d47),a               ; 0x6d47 <_fdc_cmd+0x5>
;     fdc_cmd.dtl = 0x80;
    6095: 3e 80        	ld	a,$80
    6097: 32 48 6d     	ld	($6d48),a               ; 0x6d48 <_fdc_cmd+0x6>
; }
    609a: c9           	ret

0000609b <_calc_size_of_current_track>:
;     byte sectors = ((disk_type & 0b10000000) && fdc_cmd.head == 1)
    609b: 3a 4a 6d     	ld	a,($6d4a)               ; 0x6d4a <_disk_type>
    609e: 07           	rlca
    609f: 30 09        	jr	nc,$60aa
    60a1: 3a 43 6d     	ld	a,($6d43)               ; 0x6d43 <_fdc_cmd+0x1>
    60a4: 21 0a 00     	ld	hl,$a
    60a7: 3d           	dec	a
    60a8: 28 0b        	jr	z,$60b5
    60aa: 21 44 6d     	ld	hl,$6d44
;                        : fdc_cmd.eot - fdc_cmd.sector + 1;
    60ad: 3a 46 6d     	ld	a,($6d46)               ; 0x6d46 <_fdc_cmd+0x4>
    60b0: 3c           	inc	a
    60b1: 96           	sub	(hl)
;     word tb = (word) sectors;
    60b2: 6f           	ld	l,a
    60b3: 26 00        	ld	h,$0
;     for (byte i = 7 + fdc_cmd.size_shift; i != 0; i--) {
    60b5: 3a 45 6d     	ld	a,($6d45)               ; 0x6d45 <_fdc_cmd+0x3>
    60b8: c6 07        	add	a,$7
    60ba: 4f           	ld	c,a
    60bb: b7           	or	a
    60bc: 28 04        	jr	z,$60c2
;         tb <<= 1;
    60be: 29           	add	hl,hl
;     for (byte i = 7 + fdc_cmd.size_shift; i != 0; i--) {
    60bf: 3d           	dec	a
    60c0: 18 f8        	jr	$60ba
;     dma_transfer_size = tb;
    60c2: 22 4b 6d     	ld	($6d4b),hl              ; 0x6d4b <_dma_transfer_size>
; }
    60c5: c9           	ret

000060c6 <_fdc_sense_interrupt>:
;     fdc_write_when_ready(FDC_SENSE_INT);
    60c6: 3e 08        	ld	a,$8
    60c8: cd 20 60     	call	$6020
;     fdc_result.st0 = fdc_read_when_ready();
    60cb: cd 3f 60     	call	$603f
    60ce: 32 4d 6d     	ld	($6d4d),a               ; 0x6d4d <_fdc_result>
;     if ((fdc_result.st0 & 0b11000000) != 0b10000000) {
    60d1: ee 80        	xor	$80
    60d3: fe 40        	cp	$40
    60d5: d8           	ret	c
;         fdc_result.st1 = fdc_read_when_ready(); /* PCN (present cylinder) */
    60d6: cd 3f 60     	call	$603f
    60d9: 32 4e 6d     	ld	($6d4e),a               ; 0x6d4e <_fdc_result+0x1>
; }
    60dc: c9           	ret

000060dd <_fdc_read_result>:
; void fdc_read_result(void) {
    60dd: 11 00 00     	ld	de,$0
;     for (i = 0; i < 7; i++) {
    60e0: 7b           	ld	a,e
    60e1: fe 07        	cp	$7
    60e3: 28 17        	jr	z,$60fc
    60e5: d5           	push	de
;         p[i] = fdc_read_when_ready();
    60e6: cd 3f 60     	call	$603f
    60e9: d1           	pop	de
;         p[i] = fdc_read_when_ready();
    60ea: 21 4d 6d     	ld	hl,$6d4d
    60ed: 19           	add	hl,de
    60ee: 77           	ld	(hl),a
; DEFPORT(fdc_status,   0x04)
    60ef: db 04        	in	a,($4)
;         if (!(fdc_status() & 0b00010000)) {
    60f1: e6 10        	and	$10
;     for (i = 0; i < 7; i++) {
    60f3: 13           	inc	de
;         if (!(fdc_status() & 0b00010000)) {
    60f4: b7           	or	a
    60f5: 20 e9        	jr	nz,$60e0
; DEFPORT(dma_cmd,      0xF8)
    60f7: db f8        	in	a,($f8)
;             p[i + 1] = dma_status();
    60f9: 23           	inc	hl
    60fa: 77           	ld	(hl),a
; }
    60fb: c9           	ret
;     error_saved = 0xFE;
    60fc: 3e fe        	ld	a,$fe
    60fe: 32 55 6d     	ld	($6d55),a               ; 0x6d55 <_error_saved>
;     error_display_halt(0xFE);
    6101: c3 04 61     	jp	$6104

00006104 <_error_display_halt>:
;     error_saved = code;
    6104: 32 55 6d     	ld	($6d55),a               ; 0x6d55 <_error_saved>
;     __asm__ volatile("ei");
    6107: fb           	ei
;     if (disk_type & 0b00000001) {
    6108: 3a 4a 6d     	ld	a,($6d4a)               ; 0x6d4a <_disk_type>
    610b: 0f           	rrca
    610c: 30 01        	jr	nc,$610f
; }
    610e: c9           	ret
; DEFPORT(bib,          0x1C)
    610f: af           	xor	a
    6110: d3 1c        	out	($1c),a
;     halt_msg("**DISKETTE ERROR** ", 19);
    6112: 21 b5 66     	ld	hl,$66b5
    6115: 11 d0 78     	ld	de,$78d0
    6118: 01 13 00     	ld	bc,$13
    611b: ed b0        	ldir
    611d: cd ae 62     	call	$62ae

00006120 <_wait_fdc_ready>:
; byte wait_fdc_ready(byte timeout) {
    6120: 4f           	ld	c,a
;     while (--timeout) {
    6121: 79           	ld	a,c
    6122: 3d           	dec	a
    6123: 57           	ld	d,a
    6124: b7           	or	a
    6125: 28 21        	jr	z,$6148
;         delay_ms(WAITFL_POLL_MS);
    6127: 3e 01        	ld	a,$1
    6129: 2e 02        	ld	l,$2
    612b: f5           	push	af
    612c: 7a           	ld	a,d
    612d: 32 66 6d     	ld	($6d66),a               ; 0x6d66 <__sfrend_fdc_read_result>
    6130: f1           	pop	af
    6131: cd 5c 60     	call	$605c
    6134: 3a 66 6d     	ld	a,($6d66)               ; 0x6d66 <__sfrend_fdc_read_result>
    6137: 4f           	ld	c,a
;         if (floppy_operation_completed_flag) {
    6138: 3a 56 6d     	ld	a,($6d56)               ; 0x6d56 <_floppy_operation_completed_flag>
    613b: b7           	or	a
    613c: 28 e3        	jr	z,$6121
;     __asm__ volatile("di");
    613e: f3           	di
;             floppy_operation_completed_flag = 0;
    613f: 16 00        	ld	d,$0
    6141: af           	xor	a
    6142: 32 56 6d     	ld	($6d56),a               ; 0x6d56 <_floppy_operation_completed_flag>
;     __asm__ volatile("ei");
    6145: fb           	ei
    6146: 18 02        	jr	$614a
    6148: 16 01        	ld	d,$1
; }
    614a: 7a           	ld	a,d
    614b: c9           	ret

0000614c <_fdc_select_drive_cylinder_head>:
;     fdc_seek((byte)((fdc_cmd.head << 2) | drive_select), fdc_cmd.cylinder);
    614c: 3a 43 6d     	ld	a,($6d43)               ; 0x6d43 <_fdc_cmd+0x1>
    614f: 87           	add	a,a
    6150: 87           	add	a,a
    6151: 21 57 6d     	ld	hl,$6d57
    6154: b6           	or	(hl)
    6155: f5           	push	af
    6156: 3a 42 6d     	ld	a,($6d42)               ; 0x6d42 <_fdc_cmd>
    6159: 32 68 6d     	ld	($6d68),a               ; 0x6d68 <__sfrend_wait_fdc_ready+0x1>
;     fdc_write_when_ready(FDC_SEEK);
    615c: 3e 0f        	ld	a,$f
    615e: cd 20 60     	call	$6020
;     fdc_write_when_ready(head_and_drive & 0b00000111); /* HD + US (head + drive) */
    6161: f1           	pop	af
    6162: e6 07        	and	$7
    6164: cd 20 60     	call	$6020
;     fdc_write_when_ready(cylinder); /* NCN (new cylinder number) */
    6167: 3a 68 6d     	ld	a,($6d68)               ; 0x6d68 <__sfrend_wait_fdc_ready+0x1>
    616a: cd 20 60     	call	$6020
;     return verify_seek_result(fdc_cmd.cylinder);
    616d: 3a 42 6d     	ld	a,($6d42)               ; 0x6d42 <_fdc_cmd>
    6170: c3 73 61     	jp	$6173

00006173 <_verify_seek_result>:
; static byte verify_seek_result(byte expected_pcn) {
    6173: 32 69 6d     	ld	($6d69),a               ; 0x6d69 <__sfrend_fdc_select_drive_cylinder_head>
;     if (wait_fdc_ready(0xFF)) {
    6176: 3e ff        	ld	a,$ff
    6178: cd 20 61     	call	$6120
    617b: 16 01        	ld	d,$1
;     if (wait_fdc_ready(0xFF)) {
    617d: b7           	or	a
    617e: 20 1d        	jr	nz,$619d
;     if ((drive_select + 0b00100000) != fdc_result.st0 || /* SE+drive */
    6180: 3a 57 6d     	ld	a,($6d57)               ; 0x6d57 <_drive_select>
    6183: 5f           	ld	e,a
    6184: 3a 4d 6d     	ld	a,($6d4d)               ; 0x6d4d <_fdc_result>
    6187: 67           	ld	h,a
    6188: 16 02        	ld	d,$2
    618a: 7b           	ld	a,e
    618b: c6 20        	add	a,$20
    618d: 38 0e        	jr	c,$619d
    618f: bc           	cp	h
    6190: 20 0b        	jr	nz,$619d
    6192: 21 4e 6d     	ld	hl,$6d4e
;     if ((drive_select + 0b00100000) != fdc_result.st0 || /* SE+drive */
    6195: 3a 69 6d     	ld	a,($6d69)               ; 0x6d69 <__sfrend_fdc_select_drive_cylinder_head>
    6198: be           	cp	(hl)
    6199: 20 02        	jr	nz,$619d
    619b: 16 00        	ld	d,$0
; }
    619d: 7a           	ld	a,d
    619e: c9           	ret

0000619f <_fdc_write_full_cmd>:
; void fdc_write_full_cmd(byte cmd) {
    619f: 5f           	ld	e,a
;     byte mfm_flag = is_mfm ? FDC_MFM : 0;
    61a0: 3a 49 6d     	ld	a,($6d49)               ; 0x6d49 <_is_mfm>
    61a3: b7           	or	a
    61a4: 28 04        	jr	z,$61aa
    61a6: 16 40        	ld	d,$40
    61a8: 18 02        	jr	$61ac
;     byte mfm_flag = is_mfm ? FDC_MFM : 0;
    61aa: 16 00        	ld	d,$0
;     byte dh = (byte)((fdc_cmd.head << 2) | drive_select);
    61ac: 3a 43 6d     	ld	a,($6d43)               ; 0x6d43 <_fdc_cmd+0x1>
    61af: 87           	add	a,a
    61b0: 87           	add	a,a
    61b1: 21 57 6d     	ld	hl,$6d57
    61b4: b6           	or	(hl)
    61b5: 32 6b 6d     	ld	($6d6b),a               ; 0x6d6b <__sfrend_verify_seek_result+0x1>
;     __asm__ volatile("di");
    61b8: f3           	di
;     fdc_write_when_ready(cmd + mfm_flag); /* command (+MFM if double density) */
    61b9: 7a           	ld	a,d
    61ba: 83           	add	a,e
    61bb: f5           	push	af
    61bc: 7b           	ld	a,e
    61bd: 32 6a 6d     	ld	($6d6a),a               ; 0x6d6a <__sfrend_verify_seek_result>
    61c0: f1           	pop	af
    61c1: cd 20 60     	call	$6020
;     fdc_write_when_ready(dh); /* head/drive select */
    61c4: 3a 6b 6d     	ld	a,($6d6b)               ; 0x6d6b <__sfrend_verify_seek_result+0x1>
    61c7: cd 20 60     	call	$6020
;     if ((cmd & 0b00001111) == FDC_READ_DATA) {
    61ca: 3a 6a 6d     	ld	a,($6d6a)               ; 0x6d6a <__sfrend_verify_seek_result>
    61cd: e6 0f        	and	$f
    61cf: fe 06        	cp	$6
    61d1: 20 1b        	jr	nz,$61ee
    61d3: 11 00 00     	ld	de,$0
;         for (i = 0; i < sizeof(fdc_cmd); i++) {
    61d6: 7b           	ld	a,e
    61d7: fe 07        	cp	$7
    61d9: 28 13        	jr	z,$61ee
;             fdc_write_when_ready(((byte *) &fdc_cmd)[i]);
    61db: 21 42 6d     	ld	hl,$6d42
    61de: 19           	add	hl,de
    61df: 7e           	ld	a,(hl)
    61e0: ed 53 6b 6d  	ld	($6d6b),de              ; 0x6d6b <__sfrend_verify_seek_result+0x1>
    61e4: cd 20 60     	call	$6020
    61e7: ed 5b 6b 6d  	ld	de,($6d6b)              ; 0x6d6b <__sfrend_verify_seek_result+0x1>
;         for (i = 0; i < sizeof(fdc_cmd); i++) {
    61eb: 13           	inc	de
    61ec: 18 e8        	jr	$61d6
;     __asm__ volatile("ei");
    61ee: fb           	ei
; }
    61ef: c9           	ret

000061f0 <_check_fdc_result>:
;     if ((fdc_result.st0 & 0b11000011) == drive_select && /* ST0: IC=00 + drive */
    61f0: 3a 4d 6d     	ld	a,($6d4d)               ; 0x6d4d <_fdc_result>
    61f3: e6 c3        	and	$c3
    61f5: 21 57 6d     	ld	hl,$6d57
    61f8: be           	cp	(hl)
    61f9: 20 0d        	jr	nz,$6208
;         fdc_result.st1 == 0 && /* ST1: no errors */
    61fb: 3a 4e 6d     	ld	a,($6d4e)               ; 0x6d4e <_fdc_result+0x1>
    61fe: b7           	or	a
    61ff: 20 07        	jr	nz,$6208
;         (fdc_result.st2 & 0b10111111) == 0) {
    6201: 3a 4f 6d     	ld	a,($6d4f)               ; 0x6d4f <_fdc_result+0x2>
    6204: e6 bf        	and	$bf
;         fdc_result.st1 == 0 && /* ST1: no errors */
    6206: 28 0c        	jr	z,$6214
;         retry_count--;
    6208: 21 58 6d     	ld	hl,$6d58
    620b: 35           	dec	(hl)
;         return (retry_count == 0) ? 2 : 1;
    620c: 28 03        	jr	z,$6211
    620e: 3e 01        	ld	a,$1
; }
    6210: c9           	ret
    6211: 3e 02        	ld	a,$2
; }
    6213: c9           	ret
    6214: af           	xor	a
; }
    6215: c9           	ret

00006216 <_fdc_get_result_bytes>:
;     saved_fdc_command = cmd;
    6216: 32 59 6d     	ld	($6d59),a               ; 0x6d59 <_saved_fdc_command>
;     retry_count = retries;
    6219: 7d           	ld	a,l
    621a: 32 58 6d     	ld	($6d58),a               ; 0x6d58 <_retry_count>
;     __asm__ volatile("di");
    621d: f3           	di
;         floppy_operation_completed_flag = 0;
    621e: af           	xor	a
    621f: 32 56 6d     	ld	($6d56),a               ; 0x6d56 <_floppy_operation_completed_flag>
;     __asm__ volatile("ei");
    6222: fb           	ei
;         if ((saved_fdc_command & 0b00001111) != FDC_READ_ID) {
    6223: 3a 59 6d     	ld	a,($6d59)               ; 0x6d59 <_saved_fdc_command>
    6226: 57           	ld	d,a
    6227: e6 0f        	and	$f
    6229: fe 0a        	cp	$a
    622b: 28 28        	jr	z,$6255
;     __asm__ volatile("di");
    622d: f3           	di
; DEFPORT(dma_smsk,     0xFA)
    622e: 3e 05        	ld	a,$5
    6230: d3 fa        	out	($fa),a
; DEFPORT(dma_mode,     0xFB)
    6232: 3e 45        	ld	a,$45
    6234: d3 fb        	out	($fb),a
; DEFPORT(dma_clbp,     0xFC)
    6236: af           	xor	a
    6237: d3 fc        	out	($fc),a
;             dma_ch1_addr(dma_transfer_address); /* transfer destination address */
    6239: 2a 5a 6d     	ld	hl,($6d5a)              ; 0x6d5a <_dma_transfer_address>
    623c: 7d           	ld	a,l
; DEFPORT(dma_ch1_addr, 0xF2)
    623d: d3 f2        	out	($f2),a
    623f: 7c           	ld	a,h
    6240: d3 f2        	out	($f2),a
;             dma_ch1_wc(dma_transfer_size - 1); /* word count (N-1) */
    6242: 2a 4b 6d     	ld	hl,($6d4b)              ; 0x6d4b <_dma_transfer_size>
    6245: 2b           	dec	hl
    6246: 7d           	ld	a,l
; DEFPORT(dma_ch1_wc,   0xF3)
    6247: d3 f3        	out	($f3),a
    6249: 7c           	ld	a,h
    624a: d3 f3        	out	($f3),a
; DEFPORT(dma_smsk,     0xFA)
    624c: 3e 01        	ld	a,$1
    624e: d3 fa        	out	($fa),a
;     __asm__ volatile("ei");
    6250: fb           	ei
;         fdc_write_full_cmd(saved_fdc_command);
    6251: 3a 59 6d     	ld	a,($6d59)               ; 0x6d59 <_saved_fdc_command>
    6254: 57           	ld	d,a
    6255: 7a           	ld	a,d
    6256: cd 9f 61     	call	$619f
;         if (wait_fdc_ready(0xFF)) {
    6259: 3e ff        	ld	a,$ff
    625b: cd 20 61     	call	$6120
    625e: b7           	or	a
    625f: 20 0d        	jr	nz,$626e
;         r = check_fdc_result();
    6261: cd f0 61     	call	$61f0
;         if (r == 0) {
    6264: fe 02        	cp	$2
    6266: 28 06        	jr	z,$626e
    6268: 57           	ld	d,a
;         if (r == 0) {
    6269: b7           	or	a
    626a: 20 b1        	jr	nz,$621d
    626c: 18 02        	jr	$6270
    626e: 16 01        	ld	d,$1
; }
    6270: 7a           	ld	a,d
    6271: c9           	ret

00006272 <_fdc_detect_sector_size_and_density>:
; byte fdc_detect_sector_size_and_density(void) {
    6272: 16 00        	ld	d,$0
    6274: 7a           	ld	a,d
    6275: 32 49 6d     	ld	($6d49),a               ; 0x6d49 <_is_mfm>
;         if (fdc_select_drive_cylinder_head() != 0) {
    6278: cd 4c 61     	call	$614c
    627b: b7           	or	a
    627c: 20 1a        	jr	nz,$6298
;         dma_transfer_size = 4;
    627e: 21 04 00     	ld	hl,$4
    6281: 22 4b 6d     	ld	($6d4b),hl              ; 0x6d4b <_dma_transfer_size>
;         if (fdc_get_result_bytes(FDC_READ_ID, 1) == 0) {
    6284: 3e 0a        	ld	a,$a
    6286: 2e 01        	ld	l,$1
    6288: cd 16 62     	call	$6216
    628b: b7           	or	a
    628c: 28 0e        	jr	z,$629c
;         if (is_mfm) {
    628e: 3a 49 6d     	ld	a,($6d49)               ; 0x6d49 <_is_mfm>
    6291: 16 01        	ld	d,$1
    6293: b7           	or	a
    6294: 28 de        	jr	z,$6274
    6296: 18 14        	jr	$62ac
    6298: 16 01        	ld	d,$1
;         if (fdc_select_drive_cylinder_head() != 0) {
    629a: 18 10        	jr	$62ac
;     fdc_cmd.size_shift = fdc_result.size_code & 0b00000111;
    629c: 3a 53 6d     	ld	a,($6d53)               ; 0x6d53 <_fdc_result+0x6>
    629f: e6 07        	and	$7
    62a1: 32 45 6d     	ld	($6d45),a               ; 0x6d45 <_fdc_cmd+0x3>
;     lookup_sectors_and_gap3_for_current_track();
    62a4: cd 6a 60     	call	$606a
;     calc_size_of_current_track();
    62a7: cd 9b 60     	call	$609b
    62aa: 16 00        	ld	d,$0
; }
    62ac: 7a           	ld	a,d
    62ad: c9           	ret

000062ae <_halt_forever>:
; DEFPORT(ctc3,         0x0F)
    62ae: 3e 03        	ld	a,$3
    62b0: d3 0f        	out	($f),a
; DEFPORT(dma_smsk,     0xFA)
    62b2: 3e 05        	ld	a,$5
    62b4: d3 fa        	out	($fa),a
;     __asm__ volatile("ei");
    62b6: fb           	ei
;     for (;;);
    62b7: 18 fe        	jr	$62b7

000062b9 <_compare_6bytes>:
; byte compare_6bytes(const byte *a, const byte *b) {
    62b9: 4d           	ld	c,l
    62ba: 44           	ld	b,h
    62bb: 6b           	ld	l,e
    62bc: 62           	ld	h,d
    62bd: 1e 06        	ld	e,$6
;         if (*a++ != *b++) {
    62bf: 0a           	ld	a,(bc)
    62c0: be           	cp	(hl)
    62c1: 20 07        	jr	nz,$62ca
    62c3: 23           	inc	hl
    62c4: 03           	inc	bc
;     } while (--i);
    62c5: 1d           	dec	e
    62c6: 20 f7        	jr	nz,$62bf
    62c8: af           	xor	a
; }
    62c9: c9           	ret
    62ca: 3e 01        	ld	a,$1
; }
    62cc: c9           	ret

000062cd <_check_sysfile>:
; byte check_sysfile(const byte *dir, const char *pattern) {
    62cd: e5           	push	hl
    62ce: fd e1        	pop	iy
    62d0: 6b           	ld	l,e
    62d1: 62           	ld	h,d
    62d2: 1e 04        	ld	e,$4
    62d4: fd e5        	push	iy
    62d6: c1           	pop	bc
    62d7: 03           	inc	bc
;         if (*dir++ != *pattern++) {
    62d8: 0a           	ld	a,(bc)
    62d9: be           	cp	(hl)
    62da: 20 16        	jr	nz,$62f2
    62dc: 23           	inc	hl
;     } while (--i);
    62dd: 1d           	dec	e
    62de: 20 f7        	jr	nz,$62d7
    62e0: 11 08 00     	ld	de,$8
;     if ((dir[3] & 0b00111111) != 0x13) {
    62e3: fd e5        	push	iy
    62e5: e1           	pop	hl
    62e6: 19           	add	hl,de
    62e7: 7e           	ld	a,(hl)
    62e8: e6 3f        	and	$3f
    62ea: d6 13        	sub	$13
    62ec: c6 ff        	add	a,$ff
    62ee: 9f           	sbc	a,a
    62ef: e6 01        	and	$1
; }
    62f1: c9           	ret
    62f2: 3e 01        	ld	a,$1
; }
    62f4: c9           	ret

000062f5 <_prom1_if_present>:
; DEFPORT(sw1,          0x14)
    62f5: db 14        	in	a,($14)
;     if ((read_sw1() & 0x02) == 0 &&
    62f7: e6 02        	and	$2
    62f9: 20 15        	jr	nz,$6310
;         compare_6bytes((const byte *) 0x2002, (const byte *) msg_rc702) == 0) {
    62fb: 21 02 20     	ld	hl,$2002
    62fe: 11 14 67     	ld	de,$6714
    6301: cd b9 62     	call	$62b9
;     if ((read_sw1() & 0x02) == 0 &&
    6304: b7           	or	a
    6305: 20 09        	jr	nz,$6310
;         jump_to(*(word *)0x2000);
    6307: 2a 00 20     	ld	hl,($2000)              ; 0x2000 <__text_zx0_end+0x180e>
    630a: e5           	push	hl
    630b: fd e1        	pop	iy
    630d: c3 10 6d     	jp	$6d10
;     halt_msg(" **NO DISKETTE NOR LINEPROG** ", 30);
    6310: 21 f5 66     	ld	hl,$66f5
    6313: 11 d0 78     	ld	de,$78d0
    6316: 01 1e 00     	ld	bc,$1e
    6319: ed b0        	ldir
    631b: cd ae 62     	call	$62ae

0000631e <_floppy_legacy_boot>:
;     disk_type = (byte)((is_mini << 7) | disk_type);
    631e: 3a 41 6d     	ld	a,($6d41)               ; 0x6d41 <_is_mini>
    6321: 0f           	rrca
    6322: e6 80        	and	$80
    6324: 21 4a 6d     	ld	hl,$6d4a
    6327: b6           	or	(hl)
;     disk_type--;
    6328: 3d           	dec	a
    6329: 32 4a 6d     	ld	($6d4a),a               ; 0x6d4a <_disk_type>
;     fdc_detect_sector_size_and_density();
    632c: cd 72 62     	call	$6272
;     dma_transfer_address = FLOPPYDATA;
    632f: 21 00 00     	ld	hl,$0
    6332: 22 5a 6d     	ld	($6d5a),hl              ; 0x6d5a <_dma_transfer_address>
;     fdc_read_data_from_current_location(INTVEC_ADDR);
    6335: 21 00 60     	ld	hl,$6000
    6338: cd 47 63     	call	$6347
;     disk_type = 1;
    633b: 3e 01        	ld	a,$1
    633d: 32 4a 6d     	ld	($6d4a),a               ; 0x6d4a <_disk_type>
;     jump_to(LEGACYBOOT);
    6340: fd 21 00 10  	ld	iy,$1000
    6344: c3 10 6d     	jp	$6d10

00006347 <_fdc_read_data_from_current_location>:
;     bytes_left_to_read = total_bytes_to_read;
    6347: 22 5f 6d     	ld	($6d5f),hl              ; 0x6d5f <_bytes_left_to_read>
;         byte r = fdc_select_drive_cylinder_head();
    634a: cd 4c 61     	call	$614c
    634d: 57           	ld	d,a
;         if (r == 1) {
    634e: b7           	or	a
    634f: 20 69        	jr	nz,$63ba
;             calc_size_of_current_track();
    6351: cd 9b 60     	call	$609b
;             remaining = (int16_t) bytes_left_to_read - (int16_t) dma_transfer_size;
    6354: 2a 5f 6d     	ld	hl,($6d5f)              ; 0x6d5f <_bytes_left_to_read>
    6357: eb           	ex	de,hl
    6358: 2a 4b 6d     	ld	hl,($6d4b)              ; 0x6d4b <_dma_transfer_size>
    635b: 4d           	ld	c,l
    635c: 44           	ld	b,h
    635d: 6b           	ld	l,e
    635e: 62           	ld	h,d
    635f: a7           	and	a
    6360: ed 42        	sbc	hl,bc
    6362: 0e 01        	ld	c,$1
;             if (remaining > 0) {
    6364: 7c           	ld	a,h
    6365: 07           	rlca
    6366: 9f           	sbc	a,a
    6367: 2f           	cpl
    6368: 47           	ld	b,a
    6369: 7c           	ld	a,h
    636a: b5           	or	l
    636b: a0           	and	b
    636c: 20 09        	jr	nz,$6377
;                 dma_transfer_size = bytes_left_to_read;
    636e: eb           	ex	de,hl
    636f: 22 4b 6d     	ld	($6d4b),hl              ; 0x6d4b <_dma_transfer_size>
    6372: 21 00 00     	ld	hl,$0
    6375: 0e 00        	ld	c,$0
    6377: 79           	ld	a,c
    6378: 32 5e 6d     	ld	($6d5e),a               ; 0x6d5e <_more_tracks_to_read>
    637b: 22 5f 6d     	ld	($6d5f),hl              ; 0x6d5f <_bytes_left_to_read>
;         if (fdc_get_result_bytes(FDC_READ_DATA, 5) != 0) {
    637e: 3e 06        	ld	a,$6
    6380: 2e 05        	ld	l,$5
    6382: cd 16 62     	call	$6216
    6385: b7           	or	a
    6386: 20 3e        	jr	nz,$63c6
;         dma_transfer_address += dma_transfer_size;
    6388: 2a 4b 6d     	ld	hl,($6d4b)              ; 0x6d4b <_dma_transfer_size>
    638b: eb           	ex	de,hl
    638c: 2a 5a 6d     	ld	hl,($6d5a)              ; 0x6d5a <_dma_transfer_address>
    638f: 19           	add	hl,de
    6390: 22 5a 6d     	ld	($6d5a),hl              ; 0x6d5a <_dma_transfer_address>
;         dma_transfer_size = 0;
    6393: 21 00 00     	ld	hl,$0
    6396: 22 4b 6d     	ld	($6d4b),hl              ; 0x6d4b <_dma_transfer_size>
;             fdc_cmd.sector = 1;
    6399: 3e 01        	ld	a,$1
    639b: 32 44 6d     	ld	($6d44),a               ; 0x6d44 <_fdc_cmd+0x2>
;             max_head = is_double_sided;
    639e: 3a 61 6d     	ld	a,($6d61)               ; 0x6d61 <_is_double_sided>
    63a1: 57           	ld	d,a
;             if (max_head == fdc_cmd.head) {
    63a2: 3a 43 6d     	ld	a,($6d43)               ; 0x6d43 <_fdc_cmd+0x1>
    63a5: ba           	cp	d
    63a6: 20 07        	jr	nz,$63af
;                 fdc_cmd.cylinder++;
    63a8: 21 42 6d     	ld	hl,$6d42
    63ab: 34           	inc	(hl)
    63ac: af           	xor	a
;             } else {
    63ad: 18 01        	jr	$63b0
;                 fdc_cmd.head++;
    63af: 3c           	inc	a
    63b0: 32 43 6d     	ld	($6d43),a               ; 0x6d43 <_fdc_cmd+0x1>
;         if (!more_tracks_to_read) {
    63b3: 3a 5e 6d     	ld	a,($6d5e)               ; 0x6d5e <_more_tracks_to_read>
    63b6: b7           	or	a
    63b7: 20 91        	jr	nz,$634a
; }
    63b9: c9           	ret
;         if (r == 1) {
    63ba: fe 01        	cp	$1
    63bc: 20 03        	jr	nz,$63c1
;             prom1_if_present();
    63be: c3 f5 62     	jp	$62f5
;             error_display_halt(0x06);
    63c1: 3e 06        	ld	a,$6
    63c3: c3 04 61     	jp	$6104
;             error_display_halt(0x28);
    63c6: 3e 28        	ld	a,$28
    63c8: c3 04 61     	jp	$6104

000063cb <_nothing_int>:
; }
    63cb: fb           	ei
    63cc: ed 4d        	reti

000063ce <_refresh_crt_dma_50hz_interrupt>:
; void refresh_crt_dma_50hz_interrupt(void) __critical __interrupt(1) {
    63ce: d9           	exx
    63cf: 08           	ex	af,af'
; DEFPORT(crt_cmd,      0x01)
    63d0: db 01        	in	a,($1)
; DEFPORT(dma_smsk,     0xFA)
    63d2: 3e 06        	ld	a,$6
    63d4: d3 fa        	out	($fa),a
; DEFPORT(dma_clbp,     0xFC)
    63d6: af           	xor	a
    63d7: d3 fc        	out	($fc),a
; DEFPORT(dma_ch2_addr, 0xF4)
    63d9: 3e 30        	ld	a,$30
    63db: d3 f4        	out	($f4),a
    63dd: 3e 78        	ld	a,$78
    63df: d3 f4        	out	($f4),a
; DEFPORT(dma_ch2_wc,   0xF5)
    63e1: 3e cf        	ld	a,$cf
    63e3: d3 f5        	out	($f5),a
    63e5: 3e 07        	ld	a,$7
    63e7: d3 f5        	out	($f5),a
; DEFPORT(dma_smsk,     0xFA)
    63e9: 3e 02        	ld	a,$2
    63eb: d3 fa        	out	($fa),a
; DEFPORT(ctc2,         0x0E)
    63ed: 3e d7        	ld	a,$d7
    63ef: d3 0e        	out	($e),a
    63f1: 3e 01        	ld	a,$1
    63f3: d3 0e        	out	($e),a
; }
    63f5: 08           	ex	af,af'
    63f6: d9           	exx
    63f7: fb           	ei
    63f8: ed 4d        	reti

000063fa <_floppy_completed_operation_interrupt>:
; void floppy_completed_operation_interrupt(void) __critical __interrupt(2) {
    63fa: d9           	exx
    63fb: 08           	ex	af,af'
    63fc: fd e5        	push	iy
;     floppy_operation_completed_flag = 2; /* Only non-zero value */
    63fe: 3e 02        	ld	a,$2
    6400: 32 56 6d     	ld	($6d56),a               ; 0x6d56 <_floppy_operation_completed_flag>
; DEFPORT(fdc_status,   0x04)
    6403: db 04        	in	a,($4)
;     if (fdc_status() & 0b00010000) {    /* CB=1: result phase ready */
    6405: e6 10        	and	$10
    6407: 20 05        	jr	nz,$640e
;         fdc_sense_interrupt();
    6409: cd c6 60     	call	$60c6
    640c: 18 03        	jr	$6411
;         fdc_read_result();
    640e: cd dd 60     	call	$60dd
; }
    6411: fd e1        	pop	iy
    6413: 08           	ex	af,af'
    6414: d9           	exx
    6415: fb           	ei
    6416: ed 4d        	reti

00006418 <_main_relocated>:
;     SET_SP(ROM_STACK);
    6418: 31 ff bf     	ld	sp,$bfff
;     __asm__ volatile("ld i, a" : : "a"(page));
    641b: 3e 60        	ld	a,$60
    641d: ed 47        	ld	i,a
; static inline void intrinsic_im_2(void) { __asm__ volatile("im 2"); }
    641f: ed 5e        	im	2
; DEFPORT(pio_a_ctrl,   0x12)
    6421: 3e 02        	ld	a,$2
    6423: d3 12        	out	($12),a
; DEFPORT(pio_b_ctrl,   0x13)
    6425: 3e 04        	ld	a,$4
    6427: d3 13        	out	($13),a
; DEFPORT(pio_a_ctrl,   0x12)
    6429: 3e 4f        	ld	a,$4f
    642b: d3 12        	out	($12),a
; DEFPORT(pio_b_ctrl,   0x13)
    642d: 3e 0f        	ld	a,$f
    642f: d3 13        	out	($13),a
; DEFPORT(pio_a_ctrl,   0x12)
    6431: 3e 83        	ld	a,$83
    6433: d3 12        	out	($12),a
; DEFPORT(pio_b_ctrl,   0x13)
    6435: d3 13        	out	($13),a
; DEFPORT(ctc0,         0x0C)
    6437: 3e 08        	ld	a,$8
    6439: d3 0c        	out	($c),a
    643b: 3e 47        	ld	a,$47
    643d: d3 0c        	out	($c),a
    643f: 3e 20        	ld	a,$20
    6441: d3 0c        	out	($c),a
; DEFPORT(ctc1,         0x0D)
    6443: 3e 47        	ld	a,$47
    6445: d3 0d        	out	($d),a
    6447: 3e 20        	ld	a,$20
    6449: d3 0d        	out	($d),a
; DEFPORT(ctc2,         0x0E)
    644b: 3e d7        	ld	a,$d7
    644d: d3 0e        	out	($e),a
    644f: 3e 01        	ld	a,$1
    6451: d3 0e        	out	($e),a
; DEFPORT(ctc3,         0x0F)
    6453: 3e d7        	ld	a,$d7
    6455: d3 0f        	out	($f),a
    6457: 3e 01        	ld	a,$1
    6459: d3 0f        	out	($f),a
; DEFPORT(dma_cmd,      0xF8)
    645b: 3e 20        	ld	a,$20
    645d: d3 f8        	out	($f8),a
; DEFPORT(dma_mode,     0xFB)
    645f: 3e c0        	ld	a,$c0
    6461: d3 fb        	out	($fb),a
    6463: 16 00        	ld	d,$0
; DEFPORT(dma_smsk,     0xFA)
    6465: af           	xor	a
    6466: d3 fa        	out	($fa),a
; DEFPORT(dma_mode,     0xFB)
    6468: 3e 4a        	ld	a,$4a
    646a: d3 fb        	out	($fb),a
; DEFPORT(crt_cmd,      0x01)
    646c: af           	xor	a
    646d: d3 01        	out	($1),a
; DEFPORT(crt_param,    0x00)
    646f: 3e 4f        	ld	a,$4f
    6471: d3 00        	out	($0),a
    6473: 3e 98        	ld	a,$98
    6475: d3 00        	out	($0),a
    6477: 3e 9a        	ld	a,$9a
    6479: d3 00        	out	($0),a
    647b: 3e 5d        	ld	a,$5d
    647d: d3 00        	out	($0),a
; DEFPORT(crt_cmd,      0x01)
    647f: 3e 80        	ld	a,$80
    6481: d3 01        	out	($1),a
; DEFPORT(crt_param,    0x00)
    6483: af           	xor	a
    6484: d3 00        	out	($0),a
    6486: d3 00        	out	($0),a
; DEFPORT(crt_cmd,      0x01)
    6488: 3e e0        	ld	a,$e0
    648a: d3 01        	out	($1),a
    648c: 01 1b 67     	ld	bc,$671b
;     for (line = 0; line < SEM702_FONT_LINES; line++) {
    648f: 7a           	ld	a,d
    6490: fe 0b        	cp	$b
    6492: 28 19        	jr	z,$64ad
; DEFPORT(chargen_dot,  0xD2)    /* SEM 702 character generator: dot line number */
    6494: d3 d2        	out	($d2),a
    6496: 1e 00        	ld	e,$0
;         for (ch = 0; ch < 128; ch++) {
    6498: 7b           	ld	a,e
    6499: fe 80        	cp	$80
    649b: 28 0b        	jr	z,$64a8
; DEFPORT(chargen_char, 0xD1)    /* SEM 702 character generator: character number */
    649d: d3 d1        	out	($d1),a
;             port_out(chargen_data, *p++);
    649f: 0a           	ld	a,(bc)
    64a0: 03           	inc	bc
; DEFPORT(chargen_data, 0xD3)    /* SEM 702 character generator: pixel data byte */
    64a1: d3 d3        	out	($d3),a
;         for (ch = 0; ch < 128; ch++) {
    64a3: 7b           	ld	a,e
    64a4: 3c           	inc	a
    64a5: 5f           	ld	e,a
    64a6: 18 f0        	jr	$6498
;     for (line = 0; line < SEM702_FONT_LINES; line++) {
    64a8: 7a           	ld	a,d
    64a9: 3c           	inc	a
    64aa: 57           	ld	d,a
    64ab: 18 e2        	jr	$648f
;     delay_ms(391);  /* FDC power-on delay: original ROM uses B=1,C=0xFF ≈ 391ms */
    64ad: 3e 02        	ld	a,$2
    64af: 2e be        	ld	l,$be
    64b1: cd 5c 60     	call	$605c
; DEFPORT(fdc_status,   0x04)
    64b4: db 04        	in	a,($4)
;     while (port_in(fdc_status) & 0x1F)
    64b6: e6 1f        	and	$1f
    64b8: 20 fa        	jr	nz,$64b4
;     fdc_write_when_ready(0x03);  /* Specify command */
    64ba: 3e 03        	ld	a,$3
    64bc: cd 20 60     	call	$6020
;     fdc_write_when_ready(0x4F);  /* step rate 3ms, head unload 240ms */
    64bf: 3e 4f        	ld	a,$4f
    64c1: cd 20 60     	call	$6020
;     fdc_write_when_ready(0x20);  /* DMA mode */
    64c4: 3e 20        	ld	a,$20
    64c6: cd 20 60     	call	$6020
;     memset(dspstr, ' ', 80 * 25);   /* clear screen */
    64c9: 21 30 78     	ld	hl,$7830
    64cc: 3e 20        	ld	a,$20
    64ce: 77           	ld	(hl),a
    64cf: 11 31 78     	ld	de,$7831
    64d2: 01 cf 07     	ld	bc,$7cf
    64d5: ed b0        	ldir
;     memset(dspstr, 0x20, 80 * 25);
    64d7: 21 5e 78     	ld	hl,$785e
    64da: 77           	ld	(hl),a
    64db: 11 5f 78     	ld	de,$785f
    64de: 01 a1 07     	ld	bc,$7a1
    64e1: ed b0        	ldir
;     memcpy(dspstr, BANNER_PTR, BANNER_LENGTH);
    64e3: 21 12 6d     	ld	hl,$6d12
    64e6: 11 30 78     	ld	de,$7830
    64e9: 01 2e 00     	ld	bc,$2e
    64ec: ed b0        	ldir
; DEFPORT(sw1,          0x14)
    64ee: db 14        	in	a,($14)
;     memcpy(p, prefix, sizeof prefix - 1);
    64f0: 21 ce 66     	ld	hl,$66ce
    64f3: 11 6a 78     	ld	de,$786a
    64f6: 01 0e 00     	ld	bc,$e
    64f9: ed b0        	ldir
    64fb: 5f           	ld	e,a
    64fc: 01 78 78     	ld	bc,$7878
    64ff: 16 00        	ld	d,$0
;     for (i = 0; i < 8; i++) {
    6501: 7a           	ld	a,d
    6502: fe 08        	cp	$8
    6504: 28 10        	jr	z,$6516
;         *p++ = (char)('0' + (sw & 1)); /* bit i -> col i (LSB first) */
    6506: 7b           	ld	a,e
    6507: e6 01        	and	$1
    6509: f6 30        	or	$30
    650b: 02           	ld	(bc),a
    650c: 03           	inc	bc
;         sw >>= 1;                      /* shift by const 1: no variable-shift loop */
    650d: 7b           	ld	a,e
    650e: cb 3f        	srl	a
    6510: 5f           	ld	e,a
;     for (i = 0; i < 8; i++) {
    6511: 7a           	ld	a,d
    6512: 3c           	inc	a
    6513: 57           	ld	d,a
    6514: 18 eb        	jr	$6501
;     d[-1] = 0x84;
    6516: 3e 84        	ld	a,$84
    6518: 32 e1 7c     	ld	($7ce1),a               ; 0x7ce1 <__sfrend_boot_floppy_or_prom+0xf6f>
    651b: 21 e2 7c     	ld	hl,$7ce2
    651e: 01 9b 6c     	ld	bc,$6c9b
    6521: 16 00        	ld	d,$0
    6523: 1e 00        	ld	e,$0
;     for (r = 0; r < QR_ROWS; r++) {
    6525: 7a           	ld	a,d
    6526: fe 09        	cp	$9
    6528: 28 17        	jr	z,$6541
    652a: 18 07        	jr	$6533
;             *d++ = *s++;                        /* both pointers advance (HL/BC) */
    652c: 0a           	ld	a,(bc)
    652d: 03           	inc	bc
    652e: 77           	ld	(hl),a
    652f: 23           	inc	hl
;         for (c = 0; c < QR_COLS; c++)
    6530: 7b           	ld	a,e
    6531: 3c           	inc	a
    6532: 5f           	ld	e,a
    6533: 7b           	ld	a,e
    6534: fe 0d        	cp	$d
    6536: 20 f4        	jr	nz,$652c
    6538: 7a           	ld	a,d
;         d += 80 - QR_COLS;                      /* skip to next row */
    6539: 11 43 00     	ld	de,$43
    653c: 19           	add	hl,de
;     for (r = 0; r < QR_ROWS; r++) {
    653d: 3c           	inc	a
    653e: 57           	ld	d,a
    653f: 18 e2        	jr	$6523
; DEFPORT(dma_smsk,     0xFA)
    6541: 3e 06        	ld	a,$6
    6543: d3 fa        	out	($fa),a
; DEFPORT(dma_clbp,     0xFC)
    6545: af           	xor	a
    6546: d3 fc        	out	($fc),a
; DEFPORT(dma_ch2_addr, 0xF4)
    6548: 3e 30        	ld	a,$30
    654a: d3 f4        	out	($f4),a
    654c: 3e 78        	ld	a,$78
    654e: d3 f4        	out	($f4),a
; DEFPORT(dma_ch2_wc,   0xF5)
    6550: 3e cf        	ld	a,$cf
    6552: d3 f5        	out	($f5),a
    6554: 3e 07        	ld	a,$7
    6556: d3 f5        	out	($f5),a
; DEFPORT(dma_smsk,     0xFA)
    6558: 3e 02        	ld	a,$2
    655a: d3 fa        	out	($fa),a
; DEFPORT(crt_cmd,      0x01)
    655c: 3e 23        	ld	a,$23
    655e: d3 01        	out	($1),a
;     fdc_isr_delay = 3;
    6560: 3e 03        	ld	a,$3
    6562: 32 5c 6d     	ld	($6d5c),a               ; 0x6d5c <_fdc_isr_delay>
;     fdc_result_delay = 4;
    6565: 3e 04        	ld	a,$4
    6567: 32 5d 6d     	ld	($6d5d),a               ; 0x6d5d <_fdc_result_delay>
; DEFPORT(sw1,          0x14)
    656a: db 14        	in	a,($14)
;     is_mini = (read_sw1() >> 7) & 1; /* SW1 bit 7: 0=maxi, 1=mini */
    656c: 07           	rlca
    656d: e6 01        	and	$1
    656f: 32 41 6d     	ld	($6d41),a               ; 0x6d41 <_is_mini>
;     __asm__ volatile("ei");
    6572: fb           	ei
; DEFPORT(sw1,          0x14)
    6573: 3e 01        	ld	a,$1
    6575: d3 14        	out	($14),a
;     retry_count = 5;
    6577: 3e 05        	ld	a,$5
    6579: 32 58 6d     	ld	($6d58),a               ; 0x6d58 <_retry_count>
;     delay_ms(391);  /* motor spin-up: original ROM uses B=1,C=0xFF ≈ 391ms */
    657c: 3e 02        	ld	a,$2
    657e: 2e be        	ld	l,$be
    6580: cd 5c 60     	call	$605c
;     fdc_write_when_ready(FDC_SENSE_DRIVE);
    6583: 3e 04        	ld	a,$4
    6585: cd 20 60     	call	$6020
;     fdc_write_when_ready(drive_select);
    6588: 3a 57 6d     	ld	a,($6d57)               ; 0x6d57 <_drive_select>
    658b: cd 20 60     	call	$6020
;     fdc_result.st0 = fdc_read_when_ready(); /* ST3 (in st0 position) */
    658e: cd 3f 60     	call	$603f
    6591: 32 4d 6d     	ld	($6d4d),a               ; 0x6d4d <_fdc_result>
;     status = fdc_result.st0 & 0b00100011; /* RDY + HD + US */
    6594: e6 23        	and	$23
    6596: 32 6f 6d     	ld	($6d6f),a               ; 0x6d6f <__sfrend_syscall>
;     fdc_write_when_ready(FDC_RECALIBRATE);
    6599: 3e 07        	ld	a,$7
    659b: cd 20 60     	call	$6020
;     fdc_write_when_ready(drive_select);
    659e: 3a 57 6d     	ld	a,($6d57)               ; 0x6d57 <_drive_select>
    65a1: cd 20 60     	call	$6020
;     if (status != (drive_select + 0b00100000) || /* expect RDY + matching drive */
    65a4: 3a 57 6d     	ld	a,($6d57)               ; 0x6d57 <_drive_select>
    65a7: c6 20        	add	a,$20
    65a9: 38 31        	jr	c,$65dc
    65ab: f5           	push	af
    65ac: 3a 6f 6d     	ld	a,($6d6f)               ; 0x6d6f <__sfrend_syscall>
    65af: 57           	ld	d,a
    65b0: f1           	pop	af
    65b1: ba           	cp	d
    65b2: 20 28        	jr	nz,$65dc
;         verify_seek_result(0) != 0) {
    65b4: af           	xor	a
    65b5: cd 73 61     	call	$6173
;     if (status != (drive_select + 0b00100000) || /* expect RDY + matching drive */
    65b8: b7           	or	a
    65b9: 20 21        	jr	nz,$65dc
;     fdc_cmd.cylinder = 0;
    65bb: af           	xor	a
    65bc: 32 42 6d     	ld	($6d42),a               ; 0x6d42 <_fdc_cmd>
;     fdc_cmd.head = 1;
    65bf: 3e 01        	ld	a,$1
    65c1: 32 43 6d     	ld	($6d43),a               ; 0x6d43 <_fdc_cmd+0x1>
;     fdc_cmd.sector = 1;
    65c4: 32 44 6d     	ld	($6d44),a               ; 0x6d44 <_fdc_cmd+0x2>
;     if (fdc_detect_sector_size_and_density() == 0) {
    65c7: cd 72 62     	call	$6272
    65ca: b7           	or	a
    65cb: 20 05        	jr	nz,$65d2
;         is_double_sided = 1; /* side 1 present */
    65cd: 3e 01        	ld	a,$1
    65cf: 32 61 6d     	ld	($6d61),a               ; 0x6d61 <_is_double_sided>
;     fdc_cmd.head = 0;
    65d2: af           	xor	a
    65d3: 32 43 6d     	ld	($6d43),a               ; 0x6d43 <_fdc_cmd+0x1>
;     if (fdc_detect_sector_size_and_density() != 0) {
    65d6: cd 72 62     	call	$6272
    65d9: b7           	or	a
    65da: 28 05        	jr	z,$65e1
    65dc: cd f5 62     	call	$62f5
;     for (;;);  // halt if ever getting back here.
    65df: 18 fe        	jr	$65df
; DEFPORT(ramen,        0x18)
    65e1: 3e 01        	ld	a,$1
    65e3: d3 18        	out	($18),a
;         fdc_read_data_from_current_location(dma_transfer_size);
    65e5: 2a 4b 6d     	ld	hl,($6d4b)              ; 0x6d4b <_dma_transfer_size>
    65e8: cd 47 63     	call	$6347
;         if (fdc_cmd.cylinder != 0) {
    65eb: 3a 42 6d     	ld	a,($6d42)               ; 0x6d42 <_fdc_cmd>
    65ee: b7           	or	a
    65ef: 20 05        	jr	nz,$65f6
;         fdc_detect_sector_size_and_density();
    65f1: cd 72 62     	call	$6272
;     while (1) {
    65f4: 18 ef        	jr	$65e5
;     disk_type = 1;
    65f6: 3e 01        	ld	a,$1
    65f8: 32 4a 6d     	ld	($6d4a),a               ; 0x6d4a <_disk_type>
;     boot_floppy_or_prom();
    65fb: cd fe 65     	call	$65fe

000065fe <_boot_floppy_or_prom>:
;     if (compare_6bytes((const byte *) RC700_SIG_OFF, (const byte *) " RC700") == 0) {
    65fe: 21 02 00     	ld	hl,$2
    6601: 11 ee 66     	ld	de,$66ee
    6604: cd b9 62     	call	$62b9
    6607: b7           	or	a
    6608: 20 1c        	jr	nz,$6626
    660a: 21 80 0b     	ld	hl,$b80
    660d: 11 00 0d     	ld	de,$d00
    6610: 01 20 00     	ld	bc,$20
    6613: 22 70 6d     	ld	($6d70),hl              ; 0x6d70 <__sfrend_main_relocated>
    6616: 22 62 6d     	ld	($6d62),hl              ; 0x6d62 <_boot_dir>
;         while ((word) boot_dir < 0x0D00) {
    6619: 7d           	ld	a,l
    661a: 93           	sub	e
    661b: 7c           	ld	a,h
    661c: 9a           	sbc	a,d
    661d: 30 4d        	jr	nc,$666c
;             if (*boot_dir == 0) {
    661f: 7e           	ld	a,(hl)
    6620: b7           	or	a
    6621: 20 23        	jr	nz,$6646
;                 boot_dir += 0x20;
    6623: 09           	add	hl,bc
;                 continue;
    6624: 18 ed        	jr	$6613
;     if (compare_6bytes((const byte *) RC702_SIG_OFF, (const byte *) msg_rc702) == 0) {
    6626: 21 08 00     	ld	hl,$8
    6629: 11 14 67     	ld	de,$6714
    662c: cd b9 62     	call	$62b9
    662f: b7           	or	a
    6630: 20 09        	jr	nz,$663b
;         jump_to(*(volatile word *) 0x0000);
    6632: 2a 00 00     	ld	hl,($0)                 ; 0x0 <_start>
    6635: e5           	push	hl
    6636: fd e1        	pop	iy
    6638: cd 10 6d     	call	$6d10
;     halt_msg(" **NO KATALOG** ", 16);
    663b: 21 dd 66     	ld	hl,$66dd
    663e: 11 d0 78     	ld	de,$78d0
    6641: 01 10 00     	ld	bc,$10
    6644: 18 2f        	jr	$6675
;             if (check_sysfile(boot_dir, "SYSM") == 0) {
    6646: 2a 70 6d     	ld	hl,($6d70)              ; 0x6d70 <__sfrend_main_relocated>
    6649: 11 b0 66     	ld	de,$66b0
    664c: cd cd 62     	call	$62cd
    664f: 2a 70 6d     	ld	hl,($6d70)              ; 0x6d70 <__sfrend_main_relocated>
;             if (check_sysfile(boot_dir, "SYSM") == 0) {
    6652: b7           	or	a
    6653: 20 17        	jr	nz,$666c
    6655: 11 20 00     	ld	de,$20
;                 boot_dir += 0x20;
    6658: 19           	add	hl,de
    6659: 22 62 6d     	ld	($6d62),hl              ; 0x6d62 <_boot_dir>
;                 if (*boot_dir != 0 &&
    665c: 7e           	ld	a,(hl)
    665d: b7           	or	a
    665e: 28 0c        	jr	z,$666c
;                     check_sysfile(boot_dir, "SYSC") == 0) {
    6660: 11 c9 66     	ld	de,$66c9
    6663: cd cd 62     	call	$62cd
;                 if (*boot_dir != 0 &&
    6666: b7           	or	a
    6667: 20 03        	jr	nz,$666c
;                     floppy_legacy_boot();
    6669: cd 1e 63     	call	$631e
;         halt_msg(" **NO SYSTEM FILES** ", 21);
    666c: 21 9a 66     	ld	hl,$669a
    666f: 11 d0 78     	ld	de,$78d0
    6672: 01 15 00     	ld	bc,$15
    6675: ed b0        	ldir
    6677: cd ae 62     	call	$62ae

0000667a <_eot_gap3_table>:
    667a: 1a 07 34 07 0f 0e 1a 0e         ..4.....
    6682: 08 1b 0f 1b 00 00 08 35         .......5
    668a: 10 07 20 07 09 0e 10 0e         .. .....
    6692: 05 1b 09 1b 00 00 05 35         .......5

0000669a <L_.str.5>:
    669a: 20 2a 2a 4e 4f 20 53 59          **NO SY
    66a2: 53 54 45 4d 20 46 49 4c         STEM FIL
    66aa: 45 53 2a 2a 20 00               ES** .

000066b0 <L_.str.3>:
    66b0: 53 59 53 4d 00                  SYSM.

000066b5 <L_.str>:
    66b5: 2a 2a 44 49 53 4b 45 54         **DISKET
    66bd: 54 45 20 45 52 52 4f 52         TE ERROR
    66c5: 2a 2a 20 00                     ** .

000066c9 <L_.str.4>:
    66c9: 53 59 53 43 00                  SYSC.

000066ce <_display_sw1_status.prefix>:
    66ce: 53 57 31 20 31 32 33 34         SW1 1234
    66d6: 35 36 37 38 3a 20 00            5678: .

000066dd <L_.str.6>:
    66dd: 20 2a 2a 4e 4f 20 4b 41          **NO KA
    66e5: 54 41 4c 4f 47 2a 2a 20         TALOG** 
    66ed: 00                              .

000066ee <L_.str.2>:
    66ee: 20 52 43 37 30 30 00             RC700.

000066f5 <L_.str.1>:
    66f5: 20 2a 2a 4e 4f 20 44 49          **NO DI
    66fd: 53 4b 45 54 54 45 20 4e         SKETTE N
    6705: 4f 52 20 4c 49 4e 45 50         OR LINEP
    670d: 52 4f 47 2a 2a 20 00            ROG** .

00006714 <_msg_rc702>:
    6714: 20 52 43 37 30 32 00             RC702.

0000671b <_sem702_font>:
    671b: 00 00 08 08 00 08 08 08         ........
    6723: 00 08 08 01 40 01 40 00         ....@.@.
    672b: 00 41 00 01 40 00 00 41         .A..@..A
    6733: 08 08 01 40 08 08 00 1c         ...@....
    673b: 00 0f 70 7f 00 0f 70 7f         ..p...p.
    6743: 00 0f 70 7f 00 0f 70 7f         ..p...p.
    674b: 00 0f 70 7f 00 0f 70 7f         ..p...p.
    6753: 00 0f 70 7f 00 0f 70 7f         ..p...p.
    675b: 00 00 00 00 00 00 00 00         ........
    6763: 00 00 00 00 00 00 00 00         ........
    676b: 00 00 00 00 00 00 00 00         ........
    6773: 00 00 00 00 00 00 00 00         ........
    677b: 00 0f 70 7f 00 0f 70 7f         ..p...p.
    6783: 00 0f 70 7f 00 0f 70 7f         ..p...p.
    678b: 00 0f 70 7f 00 0f 70 7f         ..p...p.
    6793: 00 0f 70 7f 00 0f 70 7f         ..p...p.
    679b: 00 00 08 08 00 08 08 08         ........
    67a3: 00 08 08 02 20 02 20 00         .... . .
    67ab: 00 22 00 02 20 00 00 22         .".. .."
    67b3: 08 08 01 40 08 08 00 1c         ...@....
    67bb: 00 0f 70 7f 00 0f 70 7f         ..p...p.
    67c3: 00 0f 70 7f 00 0f 70 7f         ..p...p.
    67cb: 00 0f 70 7f 00 0f 70 7f         ..p...p.
    67d3: 00 0f 70 7f 00 0f 70 7f         ..p...p.
    67db: 14 08 1e 1c 1e 3e 3e 3c         .....>><
    67e3: 22 1c 20 22 02 22 22 3e         ". "."">
    67eb: 1e 1c 1e 1c 3e 22 22 22         ....>"""
    67f3: 22 22 3e 3c 1c 1c 08 00         ""><....
    67fb: 00 0f 70 7f 00 0f 70 7f         ..p...p.
    6803: 00 0f 70 7f 00 0f 70 7f         ..p...p.
    680b: 00 0f 70 7f 00 0f 70 7f         ..p...p.
    6813: 00 0f 70 7f 00 0f 70 7f         ..p...p.
    681b: 00 00 08 08 00 08 08 08         ........
    6823: 00 08 08 02 20 04 10 00         .... ...
    682b: 00 1c 00 04 10 00 00 22         ......."
    6833: 08 08 02 20 1c 1c 36 08         ... ..6.
    683b: 00 0f 70 7f 00 0f 70 7f         ..p...p.
    6843: 00 0f 70 7f 00 0f 70 7f         ..p...p.
    684b: 00 0f 70 7f 00 0f 70 7f         ..p...p.
    6853: 00 0f 70 7f 00 0f 70 7f         ..p...p.
    685b: 00 14 24 22 24 02 02 02         ..$"$...
    6863: 22 08 20 12 02 36 26 22         ". ..6&"
    686b: 22 22 22 22 08 22 22 22         """"."""
    6873: 22 22 20 0a 22 14 1c 00         "" ."...
    687b: 00 0f 70 7f 00 0f 70 7f         ..p...p.
    6883: 00 0f 70 7f 00 0f 70 7f         ..p...p.
    688b: 00 0f 70 7f 00 0f 70 7f         ..p...p.
    6893: 00 0f 70 7f 00 0f 70 7f         ..p...p.
    689b: 00 00 08 08 00 08 08 08         ........
    68a3: 00 08 08 04 10 18 0c 00         ........
    68ab: 00 00 00 08 08 00 00 14         ........
    68b3: 08 08 02 20 3e 3e 36 6b         ... >>6k
    68bb: 00 00 00 00 0f 0f 0f 0f         ........
    68c3: 70 70 70 70 7f 7f 7f 7f         pppp....
    68cb: 00 00 00 00 0f 0f 0f 0f         ........
    68d3: 70 70 70 70 7f 7f 7f 7f         pppp....
    68db: 22 22 24 02 24 02 02 02         ""$.$...
    68e3: 22 08 20 0a 02 2a 2a 22         ". ..**"
    68eb: 22 22 22 02 08 22 22 22         """.."""
    68f3: 14 14 10 0a 32 3e 2a 00         ....2>*.
    68fb: 00 00 00 00 0f 0f 0f 0f         ........
    6903: 70 70 70 70 7f 7f 7f 7f         pppp....
    690b: 00 00 00 00 0f 0f 0f 0f         ........
    6913: 70 70 70 70 7f 7f 7f 7f         pppp....
    691b: 00 00 08 08 00 08 08 08         ........
    6923: 00 08 08 04 10 20 02 00         ..... ..
    692b: 00 00 00 10 04 00 00 14         ........
    6933: 08 08 04 10 7f 7f 7f 7f         ........
    693b: 00 00 00 00 0f 0f 0f 0f         ........
    6943: 70 70 70 70 7f 7f 7f 7f         pppp....
    694b: 00 00 00 00 0f 0f 0f 0f         ........
    6953: 70 70 70 70 7f 7f 7f 7f         pppp....
    695b: 22 22 1c 02 24 0e 0e 32         ""..$..2
    6963: 3e 08 20 06 02 2a 32 22         >. ..*2"
    696b: 1e 22 1e 1c 08 22 14 22         ."..."."
    6973: 08 08 08 1e 2a 22 08 00         ....*"..
    697b: 00 00 00 00 0f 0f 0f 0f         ........
    6983: 70 70 70 70 7f 7f 7f 7f         pppp....
    698b: 00 00 00 00 0f 0f 0f 0f         ........
    6993: 70 70 70 70 7f 7f 7f 7f         pppp....
    699b: 78 0f 78 0f 7f 0f 78 7f         x.x...x.
    69a3: 7f 08 7f 08 08 40 01 01         .....@..
    69ab: 40 00 00 60 03 03 60 08         @..`..`.
    69b3: 04 10 04 10 3e 7f 7f 6b         ....>..k
    69bb: 00 00 00 00 0f 0f 0f 0f         ........
    69c3: 70 70 70 70 7f 7f 7f 7f         pppp....
    69cb: 00 00 00 00 0f 0f 0f 0f         ........
    69d3: 70 70 70 70 7f 7f 7f 7f         pppp....
    69db: 32 3e 24 02 24 02 02 22         2>$.$.."
    69e3: 22 08 20 0a 02 22 22 22         ". .."""
    69eb: 02 2a 0a 20 08 22 14 2a         .*. .".*
    69f3: 14 08 04 0a 26 3e 08 00         ....&>..
    69fb: 00 00 00 00 0f 0f 0f 0f         ........
    6a03: 70 70 70 70 7f 7f 7f 7f         pppp....
    6a0b: 00 00 00 00 0f 0f 0f 0f         ........
    6a13: 70 70 70 70 7f 7f 7f 7f         pppp....
    6a1b: 08 08 00 00 08 08 08 00         ........
    6a23: 00 08 08 10 04 00 00 02         ........
    6a2b: 20 00 00 00 00 04 10 14          .......
    6a33: 04 10 08 08 1c 7f 3e 08         ......>.
    6a3b: 00 00 00 00 0f 0f 0f 0f         ........
    6a43: 70 70 70 70 7f 7f 7f 7f         pppp....
    6a4b: 00 00 00 00 0f 0f 0f 0f         ........
    6a53: 70 70 70 70 7f 7f 7f 7f         pppp....
    6a5b: 2e 22 24 22 24 02 02 22         ."$"$.."
    6a63: 22 08 22 12 02 22 22 22         ".".."""
    6a6b: 02 12 12 22 08 22 08 36         ...".".6
    6a73: 22 08 02 0a 22 22 08 00         "...""..
    6a7b: 00 00 00 00 0f 0f 0f 0f         ........
    6a83: 70 70 70 70 7f 7f 7f 7f         pppp....
    6a8b: 00 00 00 00 0f 0f 0f 0f         ........
    6a93: 70 70 70 70 7f 7f 7f 7f         pppp....
    6a9b: 08 08 00 00 08 08 08 00         ........
    6aa3: 00 08 08 10 04 00 00 04         ........
    6aab: 10 00 00 00 00 08 08 14         ........
    6ab3: 02 20 08 08 1c 2a 1c 08         . ...*..
    6abb: 00 00 00 00 00 00 00 00         ........
    6ac3: 00 00 00 00 00 00 00 00         ........
    6acb: 0f 0f 0f 0f 0f 0f 0f 0f         ........
    6ad3: 0f 0f 0f 0f 0f 0f 0f 0f         ........
    6adb: 20 22 1e 1c 1e 3e 02 3c          "...>.<
    6ae3: 22 1c 1c 22 3e 22 22 3e         "..">"">
    6aeb: 02 2c 22 1c 08 1c 08 22         .,"...."
    6af3: 22 08 3e 3a 1c 22 08 00         ".>:."..
    6afb: 70 70 70 70 70 70 70 70         pppppppp
    6b03: 70 70 70 70 70 70 70 70         pppppppp
    6b0b: 7f 7f 7f 7f 7f 7f 7f 7f         ........
    6b13: 7f 7f 7f 7f 7f 7f 7f 7f         ........
    6b1b: 08 08 00 00 08 08 08 00         ........
    6b23: 00 08 08 20 02 00 00 18         ... ....
    6b2b: 0c 00 1c 00 00 10 04 22         ......."
    6b33: 02 20 08 08 08 08 08 1c         . ......
    6b3b: 00 00 00 00 00 00 00 00         ........
    6b43: 00 00 00 00 00 00 00 00         ........
    6b4b: 0f 0f 0f 0f 0f 0f 0f 0f         ........
    6b53: 0f 0f 0f 0f 0f 0f 0f 0f         ........
    6b5b: 00 00 00 00 00 00 00 00         ........
    6b63: 00 00 00 00 00 00 00 00         ........
    6b6b: 00 00 00 00 00 00 00 00         ........
    6b73: 00 00 00 00 00 00 00 7f         ........
    6b7b: 70 70 70 70 70 70 70 70         pppppppp
    6b83: 70 70 70 70 70 70 70 70         pppppppp
    6b8b: 7f 7f 7f 7f 7f 7f 7f 7f         ........
    6b93: 7f 7f 7f 7f 7f 7f 7f 7f         ........
    6b9b: 08 08 00 00 08 08 08 00         ........
    6ba3: 00 08 08 20 02 00 00 20         ... ... 
    6bab: 02 00 22 00 00 20 02 22         ..".. ."
    6bb3: 01 40 08 08 08 1c 08 00         .@......
    6bbb: 00 00 00 00 00 00 00 00         ........
    6bc3: 00 00 00 00 00 00 00 00         ........
    6bcb: 0f 0f 0f 0f 0f 0f 0f 0f         ........
    6bd3: 0f 0f 0f 0f 0f 0f 0f 0f         ........
    6bdb: 00 00 00 00 00 00 00 00         ........
    6be3: 00 00 00 00 00 00 00 00         ........
    6beb: 00 00 00 00 00 00 00 00         ........
    6bf3: 00 00 00 00 00 00 00 00         ........
    6bfb: 70 70 70 70 70 70 70 70         pppppppp
    6c03: 70 70 70 70 70 70 70 70         pppppppp
    6c0b: 7f 7f 7f 7f 7f 7f 7f 7f         ........
    6c13: 7f 7f 7f 7f 7f 7f 7f 7f         ........
    6c1b: 08 08 00 00 08 08 08 00         ........
    6c23: 00 08 08 40 01 00 00 40         ...@...@
    6c2b: 01 00 41 00 00 40 01 41         ..A..@.A
    6c33: 01 40 00 00 00 00 00 00         .@......
    6c3b: 00 00 00 00 00 00 00 00         ........
    6c43: 00 00 00 00 00 00 00 00         ........
    6c4b: 0f 0f 0f 0f 0f 0f 0f 0f         ........
    6c53: 0f 0f 0f 0f 0f 0f 0f 0f         ........
    6c5b: 00 00 00 00 00 00 00 00         ........
    6c63: 00 00 00 00 00 00 00 00         ........
    6c6b: 00 00 00 00 00 00 00 00         ........
    6c73: 00 00 00 00 00 00 00 00         ........
    6c7b: 70 70 70 70 70 70 70 70         pppppppp
    6c83: 70 70 70 70 70 70 70 70         pppppppp
    6c8b: 7f 7f 7f 7f 7f 7f 7f 7f         ........
    6c93: 7f 7f 7f 7f 7f 7f 7f 7f         ........

00006c9b <_qr_screen>:
    6c9b: 37 73 33 35 33 2e 78 74         7s353.xt
    6ca3: 31 37 73 33 35 35 2f 25         17s355/%
    6cab: 35 25 25 37 3a 25 35 2f         5%%7:%5/
    6cb3: 25 35 73 73 23 31 31 39         %5ss#119
    6cbb: 25 69 75 23 73 33 31 7d         %iu#s31}
    6cc3: 66 6b 26 79 3e 74 65 60         fk&y>te`
    6ccb: 2e 70 72 20 63 70 77 71         .pr cpwq
    6cd3: 22 23 77 28 7c 3d 37 7d         "#w(|=7}
    6cdb: 24 21 24 29 2e 73 6b 3d         $!$).sk=
    6ce3: 64 3f 2c 7c 36 30 37 73         d?,|607s
    6ceb: 33 35 2a 61 25 39 75 71         35*a%9uq
    6cf3: 3d 62 35 35 2f 25 35 3d         =b55/%5=
    6cfb: 2e 7c 30 22 6d 37 3e 21         .|0"m7>!
    6d03: 23 23 23 21 23 20 23 21         ###!# #!
    6d0b: 20 22 23 23 21                   "##!

00006d10 <__call_iy>:
    6d10: fd e9        	jp	(iy)

00006d12 <_banner_string>:
    6d12: 20 52 43 37 30 30 20 52          RC700 R
    6d1a: 4f 41 33 37 35 20 43 4c         OA375 CL
    6d22: 20 32 30 32 36 2d 30 37          2026-07
    6d2a: 2d 30 31 20 31 38 2e 32         -01 18.2
    6d32: 31 20 62 61 37 36 36 37         1 ba7667
    6d3a: 62 2f 72 61 76 6e 00            b/ravn.
