/Library/Developer/CommandLineTools/usr/bin/make clang/prom.clang.bin
/Users/ravn/z80/llvm-z80/build-macos-asserts/bin/clang --target=z80 -Oz -g -nostdlib -ffunction-sections -fdata-sections -Xclang -target-feature -Xclang +static-stack -Xclang -target-feature -Xclang +shadow-regs -mllvm -disable-lsr -Iclang -I. -Weverything -Wno-unsafe-buffer-usage -Wno-c23-extensions -Wno-reserved-macro-identifier -Wno-reserved-identifier -Wno-gcc-compat -Wno-declaration-after-statement -Wno-pre-c11-compat  -DSW1_CONSOLE_BIT=0x01 -c boot_rom.c -o clang/boot.o
boot_rom.c:61:9: warning: macro is not used [-Wunused-macros]
   61 | #define RELOC_SIZE  ((unsigned)_code_size)
      |         ^
boot_rom.c:59:9: warning: macro is not used [-Wunused-macros]
   59 | #define RELOC_DST   (_code_start)
      |         ^
boot_rom.c:60:9: warning: macro is not used [-Wunused-macros]
   60 | #define RELOC_SRC   ((const void *)_code_load)
      |         ^
'+shadow-regs' is not a recognized feature for this target (ignoring feature)
'+static-stack' is not a recognized feature for this target (ignoring feature)
'+shadow-regs' is not a recognized feature for this target (ignoring feature)
'+static-stack' is not a recognized feature for this target (ignoring feature)
'+shadow-regs' is not a recognized feature for this target (ignoring feature)
'+static-stack' is not a recognized feature for this target (ignoring feature)
'+shadow-regs' is not a recognized feature for this target (ignoring feature)
'+static-stack' is not a recognized feature for this target (ignoring feature)
'+shadow-regs' is not a recognized feature for this target (ignoring feature)
'+static-stack' is not a recognized feature for this target (ignoring feature)
'+shadow-regs' is not a recognized feature for this target (ignoring feature)
'+static-stack' is not a recognized feature for this target (ignoring feature)
3 warnings generated.
/Users/ravn/z80/llvm-z80/build-macos-asserts/bin/clang --target=z80 -Oz -g -nostdlib -ffunction-sections -fdata-sections -Xclang -target-feature -Xclang +static-stack -Xclang -target-feature -Xclang +shadow-regs -mllvm -disable-lsr -Iclang -I. -Weverything -Wno-unsafe-buffer-usage -Wno-c23-extensions -Wno-reserved-macro-identifier -Wno-reserved-identifier -Wno-gcc-compat -Wno-declaration-after-statement -Wno-pre-c11-compat  -DSW1_CONSOLE_BIT=0x01 -c intvec.c -o clang/intvec.o
'+shadow-regs' is not a recognized feature for this target (ignoring feature)
'+static-stack' is not a recognized feature for this target (ignoring feature)
'+shadow-regs' is not a recognized feature for this target (ignoring feature)
'+static-stack' is not a recognized feature for this target (ignoring feature)
'+shadow-regs' is not a recognized feature for this target (ignoring feature)
'+static-stack' is not a recognized feature for this target (ignoring feature)
/Users/ravn/z80/llvm-z80/build-macos-asserts/bin/clang --target=z80 -Oz -g -nostdlib -ffunction-sections -fdata-sections -Xclang -target-feature -Xclang +static-stack -Xclang -target-feature -Xclang +shadow-regs -mllvm -disable-lsr -Iclang -I. -Weverything -Wno-unsafe-buffer-usage -Wno-c23-extensions -Wno-reserved-macro-identifier -Wno-reserved-identifier -Wno-gcc-compat -Wno-declaration-after-statement -Wno-pre-c11-compat  -DSW1_CONSOLE_BIT=0x01 -c rom.c -o clang/rom.o
'+shadow-regs' is not a recognized feature for this target (ignoring feature)
'+static-stack' is not a recognized feature for this target (ignoring feature)
'+shadow-regs' is not a recognized feature for this target (ignoring feature)
'+static-stack' is not a recognized feature for this target (ignoring feature)
'+shadow-regs' is not a recognized feature for this target (ignoring feature)
'+static-stack' is not a recognized feature for this target (ignoring feature)
'+shadow-regs' is not a recognized feature for this target (ignoring feature)
'+static-stack' is not a recognized feature for this target (ignoring feature)
'+shadow-regs' is not a recognized feature for this target (ignoring feature)
'+static-stack' is not a recognized feature for this target (ignoring feature)
fatal error: error in backend: unable to legalize instruction: G_STORE %0:_(s8), %10:_(p2) :: (volatile store (s8) into `ptr addrspace(2) inttoptr (i16 5 to ptr addrspace(2))`, !tbaa !185, addrspace 2) (in function: fdc_write_when_ready)
PLEASE submit a bug report to https://github.com/llvm/llvm-project/issues/ and include the crash backtrace and dumped files.
Stack dump:
0.	Program arguments: /Users/ravn/z80/llvm-z80/build-macos-asserts/bin/clang --target=z80 -Oz -g -nostdlib -ffunction-sections -fdata-sections -Xclang -target-feature -Xclang +static-stack -Xclang -target-feature -Xclang +shadow-regs -mllvm -disable-lsr -Iclang -I. -Weverything -Wno-unsafe-buffer-usage -Wno-c23-extensions -Wno-reserved-macro-identifier -Wno-reserved-identifier -Wno-gcc-compat -Wno-declaration-after-statement -Wno-pre-c11-compat -DSW1_CONSOLE_BIT=0x01 -c rom.c -o clang/rom.o
1.	<eof> parser at end of file
2.	Code generation
3.	Running pass 'Function Pass Manager' on module 'rom.c'.
4.	Running pass 'Legalizer' on function '@fdc_write_when_ready'
 #0 0x0000000103aed9f8 llvm::sys::PrintStackTrace(llvm::raw_ostream&, int) (/Users/ravn/z80/llvm-z80/build-macos-asserts/bin/clang-24+0x1011d99f8)
 #1 0x0000000103aeb718 llvm::sys::RunSignalHandlers() (/Users/ravn/z80/llvm-z80/build-macos-asserts/bin/clang-24+0x1011d7718)
 #2 0x0000000103aecfd0 llvm::sys::CleanupOnSignal(unsigned long) (/Users/ravn/z80/llvm-z80/build-macos-asserts/bin/clang-24+0x1011d8fd0)
 #3 0x0000000103a3928c (anonymous namespace)::CrashRecoveryContextImpl::HandleCrash(int, unsigned long) (/Users/ravn/z80/llvm-z80/build-macos-asserts/bin/clang-24+0x10112528c)
 #4 0x0000000103a391fc llvm::CrashRecoveryContext::HandleExit(int) (/Users/ravn/z80/llvm-z80/build-macos-asserts/bin/clang-24+0x1011251fc)
 #5 0x0000000103ae8bc4 llvm::sys::Process::Exit(int, bool) (/Users/ravn/z80/llvm-z80/build-macos-asserts/bin/clang-24+0x1011d4bc4)
 #6 0x000000010291a0d0 llvm::DenseMap<llvm::AssertingVH<llvm::Value const>, llvm::AliasSet*, llvm::DenseMapInfo<llvm::AssertingVH<llvm::Value const>, void>, llvm::detail::DenseMapPair<llvm::AssertingVH<llvm::Value const>, llvm::AliasSet*>>::~DenseMap() (/Users/ravn/z80/llvm-z80/build-macos-asserts/bin/clang-24+0x1000060d0)
 #7 0x0000000103a42c1c llvm::report_fatal_error(llvm::Twine const&, bool) (/Users/ravn/z80/llvm-z80/build-macos-asserts/bin/clang-24+0x10112ec1c)
 #8 0x0000000103a42e18 llvm::install_bad_alloc_error_handler(void (*)(void*, char const*, bool), void*) (/Users/ravn/z80/llvm-z80/build-macos-asserts/bin/clang-24+0x10112ee18)
 #9 0x0000000104a13340 llvm::reportGISelFailure(llvm::MachineFunction&, llvm::MachineOptimizationRemarkEmitter&, llvm::MachineOptimizationRemarkMissed&) (/Users/ravn/z80/llvm-z80/build-macos-asserts/bin/clang-24+0x1020ff340)
#10 0x0000000104a13588 llvm::reportGISelFailure(llvm::MachineFunction&, llvm::MachineOptimizationRemarkEmitter&, char const*, llvm::StringRef, llvm::MachineInstr const&) (/Users/ravn/z80/llvm-z80/build-macos-asserts/bin/clang-24+0x1020ff588)
#11 0x00000001049b3064 runLegalizerOnMachineFunction(llvm::MachineFunction&, llvm::function_ref<llvm::GISelCSEInfo* ()>, llvm::function_ref<llvm::GISelValueTracking* ()>, llvm::LibcallLoweringInfo const*) (/Users/ravn/z80/llvm-z80/build-macos-asserts/bin/clang-24+0x10209f064)
#12 0x00000001049b2cc0 llvm::LegalizerLegacy::runOnMachineFunction(llvm::MachineFunction&) (/Users/ravn/z80/llvm-z80/build-macos-asserts/bin/clang-24+0x10209ecc0)
#13 0x0000000102e52110 llvm::MachineFunctionPass::runOnFunction(llvm::Function&) (/Users/ravn/z80/llvm-z80/build-macos-asserts/bin/clang-24+0x10053e110)
#14 0x000000010324857c llvm::FPPassManager::runOnFunction(llvm::Function&) (/Users/ravn/z80/llvm-z80/build-macos-asserts/bin/clang-24+0x10093457c)
#15 0x000000010324de84 llvm::FPPassManager::runOnModule(llvm::Module&) (/Users/ravn/z80/llvm-z80/build-macos-asserts/bin/clang-24+0x100939e84)
#16 0x0000000103248d74 llvm::legacy::PassManagerImpl::run(llvm::Module&) (/Users/ravn/z80/llvm-z80/build-macos-asserts/bin/clang-24+0x100934d74)
#17 0x0000000103fdf00c (anonymous namespace)::EmitAssemblyHelper::TimeCodegenPasses(llvm::function_ref<void ()>) (/Users/ravn/z80/llvm-z80/build-macos-asserts/bin/clang-24+0x1016cb00c)
#18 0x0000000103fd1c14 (anonymous namespace)::EmitAssemblyHelper::emitAssembly(clang::BackendAction, std::__1::unique_ptr<llvm::raw_pwrite_stream, std::__1::default_delete<llvm::raw_pwrite_stream>>, clang::BackendConsumer*) (/Users/ravn/z80/llvm-z80/build-macos-asserts/bin/clang-24+0x1016bdc14)
#19 0x0000000103fd053c clang::emitBackendOutput(clang::CompilerInstance&, clang::CodeGenOptions&, llvm::StringRef, llvm::Module*, clang::BackendAction, llvm::IntrusiveRefCntPtr<llvm::vfs::FileSystem>, std::__1::unique_ptr<llvm::raw_pwrite_stream, std::__1::default_delete<llvm::raw_pwrite_stream>>, clang::BackendConsumer*) (/Users/ravn/z80/llvm-z80/build-macos-asserts/bin/clang-24+0x1016bc53c)
#20 0x0000000104266350 clang::BackendConsumer::HandleTranslationUnit(clang::ASTContext&) (/Users/ravn/z80/llvm-z80/build-macos-asserts/bin/clang-24+0x101952350)
#21 0x00000001051389f0 clang::ParseAST(clang::Sema&, bool, bool) (/Users/ravn/z80/llvm-z80/build-macos-asserts/bin/clang-24+0x1028249f0)
#22 0x0000000104613efc clang::FrontendAction::Execute() (/Users/ravn/z80/llvm-z80/build-macos-asserts/bin/clang-24+0x101cffefc)
#23 0x00000001045b3310 clang::CompilerInstance::ExecuteAction(clang::FrontendAction&) (/Users/ravn/z80/llvm-z80/build-macos-asserts/bin/clang-24+0x101c9f310)
#24 0x000000010468850c clang::ExecuteCompilerInvocation(clang::CompilerInstance*) (/Users/ravn/z80/llvm-z80/build-macos-asserts/bin/clang-24+0x101d7450c)
#25 0x0000000102919064 cc1_main(llvm::ArrayRef<char const*>, char const*, void*) (/Users/ravn/z80/llvm-z80/build-macos-asserts/bin/clang-24+0x100005064)
#26 0x0000000102917200 ExecuteCC1Tool(llvm::SmallVectorImpl<char const*>&, llvm::ToolContext const&, llvm::IntrusiveRefCntPtr<llvm::vfs::FileSystem>) (/Users/ravn/z80/llvm-z80/build-macos-asserts/bin/clang-24+0x100003200)
#27 0x0000000102918918 int llvm::function_ref<int (llvm::SmallVectorImpl<char const*>&)>::callback_fn<clang_main(int, char**, llvm::ToolContext const&)::$_0>(long, llvm::SmallVectorImpl<char const*>&) (/Users/ravn/z80/llvm-z80/build-macos-asserts/bin/clang-24+0x100004918)
#28 0x00000001044311bc void llvm::function_ref<void ()>::callback_fn<clang::driver::CC1Command::Execute(llvm::ArrayRef<std::__1::optional<llvm::StringRef>>, std::__1::basic_string<char, std::__1::char_traits<char>, std::__1::allocator<char>>*, bool*) const::$_0>(long) (/Users/ravn/z80/llvm-z80/build-macos-asserts/bin/clang-24+0x101b1d1bc)
#29 0x0000000103a391cc llvm::CrashRecoveryContext::RunSafely(llvm::function_ref<void ()>) (/Users/ravn/z80/llvm-z80/build-macos-asserts/bin/clang-24+0x1011251cc)
#30 0x0000000104430c44 clang::driver::CC1Command::Execute(llvm::ArrayRef<std::__1::optional<llvm::StringRef>>, std::__1::basic_string<char, std::__1::char_traits<char>, std::__1::allocator<char>>*, bool*) const (/Users/ravn/z80/llvm-z80/build-macos-asserts/bin/clang-24+0x101b1cc44)
#31 0x00000001043fd210 clang::driver::Compilation::ExecuteCommand(clang::driver::Command const&, clang::driver::Command const*&, bool) const (/Users/ravn/z80/llvm-z80/build-macos-asserts/bin/clang-24+0x101ae9210)
#32 0x00000001043fd7c0 clang::driver::Compilation::ExecuteJobs(clang::driver::JobList const&, llvm::SmallVectorImpl<std::__1::pair<int, clang::driver::Command const*>>&, bool) const (/Users/ravn/z80/llvm-z80/build-macos-asserts/bin/clang-24+0x101ae97c0)
#33 0x0000000104417d64 clang::driver::Driver::ExecuteCompilation(clang::driver::Compilation&, llvm::SmallVectorImpl<std::__1::pair<int, clang::driver::Command const*>>&) (/Users/ravn/z80/llvm-z80/build-macos-asserts/bin/clang-24+0x101b03d64)
#34 0x000000010291657c clang_main(int, char**, llvm::ToolContext const&) (/Users/ravn/z80/llvm-z80/build-macos-asserts/bin/clang-24+0x10000257c)
#35 0x000000010292279c main (/Users/ravn/z80/llvm-z80/build-macos-asserts/bin/clang-24+0x10000e79c)
#36 0x00000001840a84e4
make[1]: *** [clang/rom.o] Error 1
make: *** [prom] Error 2
