loading initial cache file clang/cmake/caches/Z80.cmake
-- The C compiler identification is AppleClang 21.0.0.21000101
-- The CXX compiler identification is AppleClang 21.0.0.21000101
-- The ASM compiler identification is AppleClang
-- Found assembler: /usr/bin/cc
-- Detecting C compiler ABI info
-- Detecting C compiler ABI info - done
-- Check for working C compiler: /usr/bin/cc - skipped
-- Detecting C compile features
-- Detecting C compile features - done
-- Detecting CXX compiler ABI info
-- Detecting CXX compiler ABI info - done
-- Check for working CXX compiler: /usr/bin/c++ - skipped
-- Detecting CXX compile features
-- Detecting CXX compile features - done
-- bolt project is disabled
-- clang project is enabled
-- clang-tools-extra project is disabled
-- cross-project-tests project is disabled
-- lld project is enabled
-- lldb project is disabled
-- mlir project is disabled
-- polly project is disabled
-- flang project is disabled
-- libc project is disabled
-- compiler-rt project is disabled
-- Doxygen disabled.
-- Found libtool - /Library/Developer/CommandLineTools/usr/bin/libtool
-- Found Python3: /Library/Developer/CommandLineTools/Library/Frameworks/Python3.framework/Versions/3.9/bin/python3.9 (found suitable version "3.9.6", minimum required is "3.8") found components: Interpreter
-- Looking for __GLIBC__
-- Looking for __GLIBC__ - not found
-- Looking for valgrind/valgrind.h
-- Looking for valgrind/valgrind.h - not found
-- Looking for FE_ALL_EXCEPT
-- Looking for FE_ALL_EXCEPT - found
-- Looking for FE_INEXACT
-- Looking for FE_INEXACT - found
-- Performing Test HAVE_BUILTIN_THREAD_POINTER
-- Performing Test HAVE_BUILTIN_THREAD_POINTER - Success
-- Looking for CrashReporterClient.h
-- Looking for CrashReporterClient.h - not found
-- Performing Test HAVE_CRASHREPORTER_INFO
-- Performing Test HAVE_CRASHREPORTER_INFO - Success
-- Looking for pthread_create in pthread
-- Looking for pthread_create in pthread - found
-- Looking for pthread_rwlock_init in pthread
-- Looking for pthread_rwlock_init in pthread - found
-- Looking for pthread_mutex_lock in pthread
-- Looking for pthread_mutex_lock in pthread - found
-- Looking for dlopen in dl
-- Looking for dlopen in dl - found
-- Looking for shm_open in rt
-- Looking for shm_open in rt - not found
-- Looking for pfm_initialize in pfm
-- Looking for pfm_initialize in pfm - not found
-- Performing Test CMAKE_HAVE_LIBC_PTHREAD
-- Performing Test CMAKE_HAVE_LIBC_PTHREAD - Success
-- Found Threads: TRUE
-- Looking for histedit.h
-- Looking for histedit.h - found
-- Found LibEdit: /Library/Developer/CommandLineTools/SDKs/MacOSX.sdk/usr/include (found version "2.11")
-- Looking for arc4random
-- Looking for arc4random - found
-- Looking for backtrace
-- Looking for backtrace - found
-- backtrace facility detected in default set of libraries
-- Found Backtrace: /Library/Developer/CommandLineTools/SDKs/MacOSX.sdk/usr/include
-- Performing Test C_SUPPORTS_WERROR_UNGUARDED_AVAILABILITY_NEW
-- Performing Test C_SUPPORTS_WERROR_UNGUARDED_AVAILABILITY_NEW - Success
-- Looking for __register_frame
-- Looking for __register_frame - found
-- Looking for __deregister_frame
-- Looking for __deregister_frame - found
-- Looking for __unw_add_dynamic_fde
-- Looking for __unw_add_dynamic_fde - found
-- Looking for _Unwind_Backtrace
-- Looking for _Unwind_Backtrace - found
-- Looking for getpagesize
-- Looking for getpagesize - found
-- Looking for sysconf
-- Looking for sysconf - found
-- Looking for getrusage
-- Looking for getrusage - found
-- Looking for isatty
-- Looking for isatty - found
-- Looking for futimens
-- Looking for futimens - found
-- Looking for futimes
-- Looking for futimes - found
-- Looking for getauxval
-- Looking for getauxval - not found
-- Looking for mallctl
-- Looking for mallctl - not found
-- Looking for mallinfo
-- Looking for mallinfo - not found
-- Looking for mallinfo2
-- Looking for mallinfo2 - not found
-- Looking for malloc_zone_statistics
-- Looking for malloc_zone_statistics - found
-- Looking for posix_spawn
-- Looking for posix_spawn - found
-- Looking for pread
-- Looking for pread - found
-- Looking for sbrk
-- Looking for sbrk - found
-- Looking for strerror_r
-- Looking for strerror_r - found
-- Looking for strerror_s
-- Looking for strerror_s - not found
-- Looking for setenv
-- Looking for setenv - found
-- Performing Test HAVE_STRUCT_STAT_ST_MTIMESPEC_TV_NSEC
-- Performing Test HAVE_STRUCT_STAT_ST_MTIMESPEC_TV_NSEC - Success
-- Performing Test HAVE_STRUCT_STAT_ST_MTIM_TV_NSEC
-- Performing Test HAVE_STRUCT_STAT_ST_MTIM_TV_NSEC - Failed
-- Looking for pthread_getname_np
-- Looking for pthread_getname_np - found
-- Looking for pthread_setname_np
-- Looking for pthread_setname_np - found
-- Looking for pthread_get_name_np
-- Looking for pthread_get_name_np - not found
-- Looking for pthread_set_name_np
-- Looking for pthread_set_name_np - not found
-- Looking for dlopen
-- Looking for dlopen - found
-- Looking for proc_pid_rusage
-- Looking for proc_pid_rusage - found
-- Performing Test HAVE_CXX_ATOMICS_WITHOUT_LIB
-- Performing Test HAVE_CXX_ATOMICS_WITHOUT_LIB - Success
-- Performing Test HAVE_CXX_ATOMICS64_WITHOUT_LIB
-- Performing Test HAVE_CXX_ATOMICS64_WITHOUT_LIB - Success
-- Performing Test LLVM_HAS_ATOMICS
-- Performing Test LLVM_HAS_ATOMICS - Success
-- LLVM host triple: arm64-apple-darwin25.6.0
-- Native target AArch64 is not selected; lli will not JIT code
-- Threads enabled.
-- Ninja version: 1.13.2
-- Found ld64 - /Library/Developer/CommandLineTools/usr/bin/ld-classic
-- Could NOT find OCaml (missing: OCAMLFIND OCAML_VERSION OCAML_STDLIB_PATH) 
-- OCaml bindings disabled.
-- Could NOT find Python module pygments
-- Could NOT find Python module pygments.lexers.c_cpp
-- Could NOT find Python module yaml
-- LLVM default target triple: 
-- Performing Test LLVM_USES_LIBSTDCXX
-- Performing Test LLVM_USES_LIBSTDCXX - Failed
-- Performing Test LLVM_DEFAULT_TO_GLIBCXX_USE_CXX11_ABI
-- Performing Test LLVM_DEFAULT_TO_GLIBCXX_USE_CXX11_ABI - Failed
-- Performing Test C_SUPPORTS_FPIC
-- Performing Test C_SUPPORTS_FPIC - Success
-- Performing Test CXX_SUPPORTS_FPIC
-- Performing Test CXX_SUPPORTS_FPIC - Success
-- Building with -fPIC
-- Performing Test C_SUPPORTS_FNO_SEMANTIC_INTERPOSITION
-- Performing Test C_SUPPORTS_FNO_SEMANTIC_INTERPOSITION - Failed
-- Performing Test CXX_SUPPORTS_FNO_SEMANTIC_INTERPOSITION
-- Performing Test CXX_SUPPORTS_FNO_SEMANTIC_INTERPOSITION - Failed
-- Performing Test SUPPORTS_FVISIBILITY_INLINES_HIDDEN_FLAG
-- Performing Test SUPPORTS_FVISIBILITY_INLINES_HIDDEN_FLAG - Success
-- Performing Test C_SUPPORTS_CXX98_COMPAT_EXTRA_SEMI_FLAG
-- Performing Test C_SUPPORTS_CXX98_COMPAT_EXTRA_SEMI_FLAG - Success
-- Performing Test CXX_SUPPORTS_CXX98_COMPAT_EXTRA_SEMI_FLAG
-- Performing Test CXX_SUPPORTS_CXX98_COMPAT_EXTRA_SEMI_FLAG - Success
-- Performing Test CXX_SUPPORTS_SUGGEST_OVERRIDE_FLAG
-- Performing Test CXX_SUPPORTS_SUGGEST_OVERRIDE_FLAG - Success
-- Performing Test CXX_WSUGGEST_OVERRIDE_ALLOWS_ONLY_FINAL
-- Performing Test CXX_WSUGGEST_OVERRIDE_ALLOWS_ONLY_FINAL - Success
-- Performing Test C_WCOMMENT_ALLOWS_LINE_WRAP
-- Performing Test C_WCOMMENT_ALLOWS_LINE_WRAP - Success
-- Performing Test C_SUPPORTS_MISLEADING_INDENTATION_FLAG
-- Performing Test C_SUPPORTS_MISLEADING_INDENTATION_FLAG - Success
-- Performing Test CXX_SUPPORTS_MISLEADING_INDENTATION_FLAG
-- Performing Test CXX_SUPPORTS_MISLEADING_INDENTATION_FLAG - Success
-- Performing Test C_SUPPORTS_CTAD_MAYBE_UNSPPORTED_FLAG
-- Performing Test C_SUPPORTS_CTAD_MAYBE_UNSPPORTED_FLAG - Success
-- Performing Test CXX_SUPPORTS_CTAD_MAYBE_UNSPPORTED_FLAG
-- Performing Test CXX_SUPPORTS_CTAD_MAYBE_UNSPPORTED_FLAG - Success
-- Performing Test LINKER_SUPPORTS_COLOR_DIAGNOSTICS
-- Performing Test LINKER_SUPPORTS_COLOR_DIAGNOSTICS - Failed
-- Precompiled headers enabled.
-- Looking for os_signpost_interval_begin
-- Looking for os_signpost_interval_begin - found
-- Performing Test macos_signposts_usable
-- Performing Test macos_signposts_usable - Success
-- Looking for flock
-- Looking for flock - found
-- Linker detection: Apple
-- Performing Test LLVM_LINKER_SUPPORTS_NO_EXPORTED_SYMBOLS
-- Performing Test LLVM_LINKER_SUPPORTS_NO_EXPORTED_SYMBOLS - Success
-- Performing Test LLVM_LINKER_SUPPORTS_NO_WARN_DUPLICATE_LIBRARIES
-- Performing Test LLVM_LINKER_SUPPORTS_NO_WARN_DUPLICATE_LIBRARIES - Success
-- Performing Test LLVM_LINKER_SUPPORTS_B_SYMBOLIC_FUNCTIONS
-- Performing Test LLVM_LINKER_SUPPORTS_B_SYMBOLIC_FUNCTIONS - Failed
-- Performing Test HAS_WERROR_GLOBAL_CTORS
-- Performing Test HAS_WERROR_GLOBAL_CTORS - Success
-- Performing Test LLVM_HAS_NOGLOBAL_CTOR_MUTEX
-- Performing Test LLVM_HAS_NOGLOBAL_CTOR_MUTEX - Failed
-- Looking for __x86_64__
-- Looking for __x86_64__ - not found
-- Found Git: /usr/bin/git (found version "2.50.1 (Apple Git-155)")
-- Looking for logf128
-- Looking for logf128 - not found
-- Targeting Z80
-- LLD version: 23.0.0
-- Looking for sys/resource.h
-- Looking for sys/resource.h - found
-- Looking for dlfcn.h
-- Looking for dlfcn.h - found
-- Looking for dladdr
-- Looking for dladdr - found
-- Clang version: 23.0.0git
-- Host linker version: 1267
-- Looking for include file CoreServices/CoreServices.h
-- Looking for include file CoreServices/CoreServices.h - found
-- Performing Test HAVE_LINKER_FLAG_LONG_PLT
-- Performing Test HAVE_LINKER_FLAG_LONG_PLT - Failed
-- Found Perl: /usr/bin/perl (found version "5.34.1")
-- Found Python3: /Library/Developer/CommandLineTools/Library/Frameworks/Python3.framework/Versions/3.9/bin/python3.9 (found version "3.9.6") found components: Interpreter
-- Not building llvm-mt because libxml2 is not available
-- Registering ExampleIRTransforms as a pass plugin (static build: OFF)
-- Registering Bye as a pass plugin (static build: OFF)
-- Configuring done (19.7s)
-- Generating done (3.1s)
-- Build files have been written to: /Users/ravn/z80/llvm-z80-pre-pr40/build-macos-asserts
loading initial cache file clang/cmake/caches/Z80.cmake
-- bolt project is disabled
-- clang project is enabled
-- clang-tools-extra project is disabled
-- cross-project-tests project is disabled
-- lld project is enabled
-- lldb project is disabled
-- mlir project is disabled
-- polly project is disabled
-- flang project is disabled
-- libc project is disabled
-- compiler-rt project is disabled
-- Doxygen disabled.
-- Found libtool - /Library/Developer/CommandLineTools/usr/bin/libtool
-- Found Python3: /Library/Developer/CommandLineTools/Library/Frameworks/Python3.framework/Versions/3.9/bin/python3.9 (found suitable version "3.9.6", minimum required is "3.8") found components: Interpreter
-- LLVM host triple: arm64-apple-darwin25.6.0
-- Native target AArch64 is not selected; lli will not JIT code
-- Threads enabled.
-- Ninja version: 1.13.2
-- Found ld64 - /Library/Developer/CommandLineTools/usr/bin/ld-classic
-- Could NOT find OCaml (missing: OCAMLFIND OCAML_VERSION OCAML_STDLIB_PATH) 
-- OCaml bindings disabled.
-- LLVM default target triple: 
-- Building with -fPIC
-- Precompiled headers enabled.
-- Targeting Z80
-- LLD version: 23.0.0
-- Clang version: 23.0.0git
-- Host linker version: 1267
-- Performing Test LINKER_ORDER_FILE_WORKS
-- Performing Test LINKER_ORDER_FILE_WORKS - Success
-- Found Python3: /Library/Developer/CommandLineTools/Library/Frameworks/Python3.framework/Versions/3.9/bin/python3.9 (found version "3.9.6") found components: Interpreter
-- Not building llvm-mt because libxml2 is not available
-- Registering ExampleIRTransforms as a pass plugin (static build: OFF)
-- Registering Bye as a pass plugin (static build: OFF)
-- Configuring done (9.3s)
-- Generating done (2.8s)
-- Build files have been written to: /Users/ravn/z80/llvm-z80-pre-pr40/build-macos-asserts
