Reachable from multiple contexts: fdc_read_result
Reachable from multiple contexts: fdc_read_when_ready
Reachable from multiple contexts: error_display_halt
Reachable from multiple contexts: fdc_write_when_ready
Reachable from multiple contexts: delay
Reachable from multiple contexts: lookup_sectors_and_gap3_for_current_track
Reachable from multiple contexts: calc_size_of_current_track
Reachable from multiple contexts: fdc_sense_interrupt
Reachable from multiple contexts: wait_fdc_ready
Reachable from multiple contexts: fdc_write_full_cmd
Reachable from multiple contexts: check_fdc_result
Reachable from multiple contexts: fdc_get_result_bytes
Reachable from multiple contexts: fdc_detect_sector_size_and_density
Reachable from multiple contexts: halt_forever
Reachable from multiple contexts: compare_6bytes
Reachable from multiple contexts: check_sysfile
Reachable from multiple contexts: prom1_if_present
Reachable from multiple contexts: floppy_legacy_boot
Reachable from multiple contexts: fdc_read_data_from_current_location
Reachable from multiple contexts: syscall
Reachable from multiple contexts: main_relocated
Reachable from multiple contexts: load_chargen_font
Reachable from multiple contexts: display_banner_and_start_crt
Reachable from multiple contexts: display_sw1_status
Reachable from multiple contexts: draw_qr
Reachable from multiple contexts: boot_from_floppy_or_jump_prom1
Reachable from multiple contexts: verify_seek_result
Reachable from multiple contexts: boot_floppy_or_prom
