__I4D.......................................................................i4d
__I4M.......................................................................i4m
__U4D.......................................................................i4d
__U4M.......................................................................i4m
___iob........../Users/ravn/z80/scratch/rc759-cmd-toolchain/cpm86-clib/fileio.c
__clib_fatal_.../Users/ravn/z80/scratch/rc759-cmd-toolchain/cpm86-clib/stdlib.c
_conout_........./Users/ravn/z80/scratch/rc759-cmd-toolchain/cpm86-clib/cpmio.c
abort_........../Users/ravn/z80/scratch/rc759-cmd-toolchain/cpm86-clib/stdlib.c
abs_............/Users/ravn/z80/scratch/rc759-cmd-toolchain/cpm86-clib/stdlib.c
atoi_.........../Users/ravn/z80/scratch/rc759-cmd-toolchain/cpm86-clib/stdlib.c
exit_.........../Users/ravn/z80/scratch/rc759-cmd-toolchain/cpm86-clib/stdlib.c
fgetc_........../Users/ravn/z80/scratch/rc759-cmd-toolchain/cpm86-clib/fileio.c
fputc_........../Users/ravn/z80/scratch/rc759-cmd-toolchain/cpm86-clib/fileio.c
fputs_........../Users/ravn/z80/scratch/rc759-cmd-toolchain/cpm86-clib/fileio.c
free_.........../Users/ravn/z80/scratch/rc759-cmd-toolchain/cpm86-clib/stdlib.c
fwrite_........./Users/ravn/z80/scratch/rc759-cmd-toolchain/cpm86-clib/fileio.c
malloc_........./Users/ravn/z80/scratch/rc759-cmd-toolchain/cpm86-clib/stdlib.c
memcmp_........./Users/ravn/z80/scratch/rc759-cmd-toolchain/cpm86-clib/string.c
memcpy_........./Users/ravn/z80/scratch/rc759-cmd-toolchain/cpm86-clib/string.c
memmove_......../Users/ravn/z80/scratch/rc759-cmd-toolchain/cpm86-clib/string.c
memset_........./Users/ravn/z80/scratch/rc759-cmd-toolchain/cpm86-clib/string.c
printf_........./Users/ravn/z80/scratch/rc759-cmd-toolchain/cpm86-clib/printf.c
puts_.........../Users/ravn/z80/scratch/rc759-cmd-toolchain/cpm86-clib/printf.c
sprintf_......../Users/ravn/z80/scratch/rc759-cmd-toolchain/cpm86-clib/printf.c
strcat_........./Users/ravn/z80/scratch/rc759-cmd-toolchain/cpm86-clib/string.c
strchr_........./Users/ravn/z80/scratch/rc759-cmd-toolchain/cpm86-clib/string.c
strcmp_........./Users/ravn/z80/scratch/rc759-cmd-toolchain/cpm86-clib/string.c
strcpy_........./Users/ravn/z80/scratch/rc759-cmd-toolchain/cpm86-clib/string.c
strlen_........./Users/ravn/z80/scratch/rc759-cmd-toolchain/cpm86-clib/string.c
strncmp_......../Users/ravn/z80/scratch/rc759-cmd-toolchain/cpm86-clib/string.c
strncpy_......../Users/ravn/z80/scratch/rc759-cmd-toolchain/cpm86-clib/string.c
 
/Users/ravn/z80/scratch/rc759-cmd-toolchain/cpm86-clib/cpmio.c Offset=00000200H
    _conout_
 
/Users/ravn/z80/scratch/rc759-cmd-toolchain/cpm86-clib/fileio.c Offset=00000400H
    ___iob
    fgetc_
    fputc_
    fputs_
    fwrite_
 
/Users/ravn/z80/scratch/rc759-cmd-toolchain/cpm86-clib/printf.c Offset=00000800H
    printf_
    puts_
    sprintf_
 
/Users/ravn/z80/scratch/rc759-cmd-toolchain/cpm86-clib/stdlib.c Offset=00001000H
    __clib_fatal_
    abort_
    abs_
    atoi_
    exit_
    free_
    malloc_
 
/Users/ravn/z80/scratch/rc759-cmd-toolchain/cpm86-clib/string.c Offset=00001400H
    memcmp_
    memcpy_
    memmove_
    memset_
    strcat_
    strchr_
    strcmp_
    strcpy_
    strlen_
    strncmp_
    strncpy_
 
i4m Offset=00001800H
    __I4M
    __U4M
 
i4d Offset=00001a00H
    __I4D
    __U4D
 
